CCS PCM C Compiler, Version 5.025, 31658               23-Apr-20 01:10

               Filename:   D:\Desktop\RingTheBell\PIC\encoder400\main.lst

               ROM used:   2341 words (29%)
                           Largest free fragment is 2048
               RAM used:   38 (10%) at main() level
                           79 (21%) worst case
               Stack used: 3 locations (2 in main + 1 for interrupts)
               Stack size: 8

*
0000:  MOVLW  08
0001:  MOVWF  0A
0002:  GOTO   000
0003:  NOP
0004:  MOVWF  7F
0005:  SWAPF  03,W
0006:  CLRF   03
0007:  MOVWF  21
0008:  MOVF   0A,W
0009:  MOVWF  20
000A:  CLRF   0A
000B:  MOVF   04,W
000C:  MOVWF  22
000D:  MOVF   77,W
000E:  MOVWF  23
000F:  MOVF   78,W
0010:  MOVWF  24
0011:  MOVF   79,W
0012:  MOVWF  25
0013:  MOVF   7A,W
0014:  MOVWF  26
0015:  BCF    03.7
0016:  BCF    03.5
0017:  BTFSS  0B.4
0018:  GOTO   01B
0019:  BTFSC  0B.1
001A:  GOTO   03C
001B:  MOVLW  8C
001C:  MOVWF  04
001D:  BTFSS  00.1
001E:  GOTO   021
001F:  BTFSC  0C.1
0020:  GOTO   03F
0021:  MOVLW  8C
0022:  MOVWF  04
0023:  BTFSS  00.2
0024:  GOTO   027
0025:  BTFSC  0C.2
0026:  GOTO   042
0027:  BTFSS  0B.5
0028:  GOTO   02B
0029:  BTFSC  0B.2
002A:  GOTO   045
002B:  MOVF   22,W
002C:  MOVWF  04
002D:  MOVF   23,W
002E:  MOVWF  77
002F:  MOVF   24,W
0030:  MOVWF  78
0031:  MOVF   25,W
0032:  MOVWF  79
0033:  MOVF   26,W
0034:  MOVWF  7A
0035:  MOVF   20,W
0036:  MOVWF  0A
0037:  SWAPF  21,W
0038:  MOVWF  03
0039:  SWAPF  7F,F
003A:  SWAPF  7F,W
003B:  RETFIE
003C:  BCF    0A.3
003D:  BCF    0A.4
003E:  GOTO   048
003F:  BCF    0A.3
0040:  BCF    0A.4
0041:  GOTO   07C
0042:  BCF    0A.3
0043:  BCF    0A.4
0044:  GOTO   0E9
0045:  BCF    0A.3
0046:  BCF    0A.4
0047:  GOTO   062
.................... #include <main.h> 
.................... // #include <16F877A.h> 
.................... #include <16F887.h> 
.................... //////////// Standard Header file for the PIC16F887 device //////////////// 
.................... /////////////////////////////////////////////////////////////////////////// 
.................... ////        (C) Copyright 1996, 2013 Custom Computer Services          //// 
.................... //// This source code may only be used by licensed users of the CCS C  //// 
.................... //// compiler.  This source code may only be distributed to other      //// 
.................... //// licensed users of the CCS C compiler.  No other use, reproduction //// 
.................... //// or distribution is permitted without written permission.          //// 
.................... //// Derivative programs created using this software in object code    //// 
.................... //// form are not restricted in any way.                               //// 
.................... /////////////////////////////////////////////////////////////////////////// 
.................... #device PIC16F887 
*
009C:  MOVF   65,W
009D:  XORWF  67,W
009E:  ANDLW  80
009F:  MOVWF  69
00A0:  BTFSS  65.7
00A1:  GOTO   0A7
00A2:  COMF   64,F
00A3:  COMF   65,F
00A4:  INCF   64,F
00A5:  BTFSC  03.2
00A6:  INCF   65,F
00A7:  BTFSS  67.7
00A8:  GOTO   0AE
00A9:  COMF   66,F
00AA:  COMF   67,F
00AB:  INCF   66,F
00AC:  BTFSC  03.2
00AD:  INCF   67,F
00AE:  MOVLW  10
00AF:  MOVWF  68
00B0:  CLRF   77
00B1:  CLRF   7A
00B2:  RRF    65,F
00B3:  RRF    64,F
00B4:  BTFSS  03.0
00B5:  GOTO   0BC
00B6:  MOVF   66,W
00B7:  ADDWF  77,F
00B8:  BTFSC  03.0
00B9:  INCF   7A,F
00BA:  MOVF   67,W
00BB:  ADDWF  7A,F
00BC:  RRF    7A,F
00BD:  RRF    77,F
00BE:  RRF    79,F
00BF:  RRF    78,F
00C0:  DECFSZ 68,F
00C1:  GOTO   0B2
00C2:  BTFSS  69.7
00C3:  GOTO   0C9
00C4:  COMF   78,F
00C5:  COMF   79,F
00C6:  INCF   78,F
00C7:  BTFSC  03.2
00C8:  INCF   79,F
*
00F7:  MOVLW  B6
00F8:  MOVWF  77
00F9:  CLRF   7A
00FA:  CLRF   79
00FB:  CLRF   78
00FC:  MOVF   3D,W
00FD:  IORWF  3E,W
00FE:  IORWF  3F,W
00FF:  IORWF  40,W
0100:  BTFSS  03.2
0101:  GOTO   104
0102:  CLRF   77
0103:  GOTO   111
0104:  BCF    03.0
0105:  BTFSC  78.7
0106:  GOTO   110
0107:  RLF    3D,F
0108:  RLF    3E,F
0109:  RLF    3F,F
010A:  RLF    40,F
010B:  RLF    7A,F
010C:  RLF    79,F
010D:  RLF    78,F
010E:  DECFSZ 77,F
010F:  GOTO   104
0110:  BCF    78.7
0111:  RETURN
0112:  MOVLW  80
0113:  BTFSC  03.1
0114:  XORWF  59,F
0115:  CLRF   5E
0116:  CLRF   5F
0117:  MOVF   55,W
0118:  MOVWF  5D
0119:  MOVF   59,W
011A:  XORWF  5D,F
011B:  MOVF   54,W
011C:  BTFSC  03.2
011D:  GOTO   202
011E:  MOVWF  5C
011F:  MOVWF  77
0120:  MOVF   58,W
0121:  BTFSC  03.2
0122:  GOTO   20B
0123:  SUBWF  5C,F
0124:  BTFSC  03.2
0125:  GOTO   1A7
0126:  BTFSS  03.0
0127:  GOTO   165
0128:  MOVF   59,W
0129:  MOVWF  62
012A:  BSF    62.7
012B:  MOVF   5A,W
012C:  MOVWF  61
012D:  MOVF   5B,W
012E:  MOVWF  60
012F:  CLRF   5F
0130:  BCF    03.0
0131:  RRF    62,F
0132:  RRF    61,F
0133:  RRF    60,F
0134:  RRF    5F,F
0135:  DECFSZ 5C,F
0136:  GOTO   12F
0137:  BTFSS  5D.7
0138:  GOTO   13C
0139:  BSF    5E.0
013A:  GOTO   21F
013B:  BCF    5E.0
013C:  BCF    5C.0
013D:  BSF    5E.4
013E:  MOVLW  57
013F:  MOVWF  04
0140:  BCF    03.7
0141:  GOTO   234
0142:  BCF    5E.4
0143:  BTFSC  5D.7
0144:  GOTO   14F
0145:  BTFSS  5C.0
0146:  GOTO   15A
0147:  RRF    62,F
0148:  RRF    61,F
0149:  RRF    60,F
014A:  RRF    5F,F
014B:  INCF   77,F
014C:  BTFSC  03.2
014D:  GOTO   21A
014E:  GOTO   15A
014F:  BTFSC  62.7
0150:  GOTO   15D
0151:  BCF    03.0
0152:  RLF    5F,F
0153:  RLF    60,F
0154:  RLF    61,F
0155:  RLF    62,F
0156:  DECF   77,F
0157:  BTFSC  03.2
0158:  GOTO   21A
0159:  GOTO   14F
015A:  BSF    5E.6
015B:  GOTO   1C7
015C:  BCF    5E.6
015D:  MOVF   55,W
015E:  MOVWF  5D
015F:  BTFSS  5D.7
0160:  GOTO   163
0161:  BSF    62.7
0162:  GOTO   213
0163:  BCF    62.7
0164:  GOTO   213
0165:  MOVF   58,W
0166:  MOVWF  5C
0167:  MOVWF  77
0168:  MOVF   54,W
0169:  SUBWF  5C,F
016A:  MOVF   55,W
016B:  MOVWF  62
016C:  BSF    62.7
016D:  MOVF   56,W
016E:  MOVWF  61
016F:  MOVF   57,W
0170:  MOVWF  60
0171:  CLRF   5F
0172:  BCF    03.0
0173:  RRF    62,F
0174:  RRF    61,F
0175:  RRF    60,F
0176:  RRF    5F,F
0177:  DECFSZ 5C,F
0178:  GOTO   171
0179:  BTFSS  5D.7
017A:  GOTO   17E
017B:  BSF    5E.1
017C:  GOTO   21F
017D:  BCF    5E.1
017E:  BCF    5C.0
017F:  BSF    5E.5
0180:  MOVLW  5B
0181:  MOVWF  04
0182:  BCF    03.7
0183:  GOTO   234
0184:  BCF    5E.5
0185:  BTFSC  5D.7
0186:  GOTO   191
0187:  BTFSS  5C.0
0188:  GOTO   19C
0189:  RRF    62,F
018A:  RRF    61,F
018B:  RRF    60,F
018C:  RRF    5F,F
018D:  INCF   77,F
018E:  BTFSC  03.2
018F:  GOTO   21A
0190:  GOTO   19C
0191:  BTFSC  62.7
0192:  GOTO   19F
0193:  BCF    03.0
0194:  RLF    5F,F
0195:  RLF    60,F
0196:  RLF    61,F
0197:  RLF    62,F
0198:  DECF   77,F
0199:  BTFSC  03.2
019A:  GOTO   21A
019B:  GOTO   191
019C:  BSF    5E.7
019D:  GOTO   1C7
019E:  BCF    5E.7
019F:  MOVF   59,W
01A0:  MOVWF  5D
01A1:  BTFSS  5D.7
01A2:  GOTO   1A5
01A3:  BSF    62.7
01A4:  GOTO   213
01A5:  BCF    62.7
01A6:  GOTO   213
01A7:  MOVF   59,W
01A8:  MOVWF  62
01A9:  BSF    62.7
01AA:  MOVF   5A,W
01AB:  MOVWF  61
01AC:  MOVF   5B,W
01AD:  MOVWF  60
01AE:  BTFSS  5D.7
01AF:  GOTO   1B4
01B0:  BCF    62.7
01B1:  BSF    5E.2
01B2:  GOTO   21F
01B3:  BCF    5E.2
01B4:  CLRF   5F
01B5:  BCF    5C.0
01B6:  MOVLW  57
01B7:  MOVWF  04
01B8:  BCF    03.7
01B9:  GOTO   234
01BA:  BTFSC  5D.7
01BB:  GOTO   1DD
01BC:  MOVF   55,W
01BD:  MOVWF  5D
01BE:  BTFSS  5C.0
01BF:  GOTO   1C7
01C0:  RRF    62,F
01C1:  RRF    61,F
01C2:  RRF    60,F
01C3:  RRF    5F,F
01C4:  INCF   77,F
01C5:  BTFSC  03.2
01C6:  GOTO   21A
01C7:  BTFSS  5F.7
01C8:  GOTO   1D8
01C9:  INCF   60,F
01CA:  BTFSS  03.2
01CB:  GOTO   1D8
01CC:  INCF   61,F
01CD:  BTFSS  03.2
01CE:  GOTO   1D8
01CF:  INCF   62,F
01D0:  BTFSS  03.2
01D1:  GOTO   1D8
01D2:  RRF    62,F
01D3:  RRF    61,F
01D4:  RRF    60,F
01D5:  INCF   77,F
01D6:  BTFSC  03.2
01D7:  GOTO   21A
01D8:  BTFSC  5E.6
01D9:  GOTO   15C
01DA:  BTFSC  5E.7
01DB:  GOTO   19E
01DC:  GOTO   1FC
01DD:  MOVLW  80
01DE:  XORWF  62,F
01DF:  BTFSS  62.7
01E0:  GOTO   1E5
01E1:  GOTO   21F
01E2:  MOVF   59,W
01E3:  MOVWF  5D
01E4:  GOTO   1F2
01E5:  MOVF   55,W
01E6:  MOVWF  5D
01E7:  MOVF   62,F
01E8:  BTFSS  03.2
01E9:  GOTO   1F2
01EA:  MOVF   61,F
01EB:  BTFSS  03.2
01EC:  GOTO   1F2
01ED:  MOVF   60,F
01EE:  BTFSS  03.2
01EF:  GOTO   1F2
01F0:  CLRF   77
01F1:  GOTO   213
01F2:  BTFSC  62.7
01F3:  GOTO   1FC
01F4:  BCF    03.0
01F5:  RLF    5F,F
01F6:  RLF    60,F
01F7:  RLF    61,F
01F8:  RLF    62,F
01F9:  DECFSZ 77,F
01FA:  GOTO   1F2
01FB:  GOTO   21A
01FC:  BTFSS  5D.7
01FD:  GOTO   200
01FE:  BSF    62.7
01FF:  GOTO   213
0200:  BCF    62.7
0201:  GOTO   213
0202:  MOVF   58,W
0203:  MOVWF  77
0204:  MOVF   59,W
0205:  MOVWF  62
0206:  MOVF   5A,W
0207:  MOVWF  61
0208:  MOVF   5B,W
0209:  MOVWF  60
020A:  GOTO   213
020B:  MOVF   54,W
020C:  MOVWF  77
020D:  MOVF   55,W
020E:  MOVWF  62
020F:  MOVF   56,W
0210:  MOVWF  61
0211:  MOVF   57,W
0212:  MOVWF  60
0213:  MOVF   62,W
0214:  MOVWF  78
0215:  MOVF   61,W
0216:  MOVWF  79
0217:  MOVF   60,W
0218:  MOVWF  7A
0219:  GOTO   252
021A:  CLRF   77
021B:  CLRF   78
021C:  CLRF   79
021D:  CLRF   7A
021E:  GOTO   252
021F:  CLRF   5F
0220:  COMF   60,F
0221:  COMF   61,F
0222:  COMF   62,F
0223:  COMF   5F,F
0224:  INCF   5F,F
0225:  BTFSS  03.2
0226:  GOTO   22D
0227:  INCF   60,F
0228:  BTFSS  03.2
0229:  GOTO   22D
022A:  INCF   61,F
022B:  BTFSC  03.2
022C:  INCF   62,F
022D:  BTFSC  5E.0
022E:  GOTO   13B
022F:  BTFSC  5E.1
0230:  GOTO   17D
0231:  BTFSC  5E.2
0232:  GOTO   1B3
0233:  GOTO   1E2
0234:  MOVF   00,W
0235:  ADDWF  60,F
0236:  BTFSS  03.0
0237:  GOTO   23E
0238:  INCF   61,F
0239:  BTFSS  03.2
023A:  GOTO   23E
023B:  INCF   62,F
023C:  BTFSC  03.2
023D:  BSF    5C.0
023E:  DECF   04,F
023F:  MOVF   00,W
0240:  ADDWF  61,F
0241:  BTFSS  03.0
0242:  GOTO   246
0243:  INCF   62,F
0244:  BTFSC  03.2
0245:  BSF    5C.0
0246:  DECF   04,F
0247:  MOVF   00,W
0248:  BTFSS  00.7
0249:  XORLW  80
024A:  ADDWF  62,F
024B:  BTFSC  03.0
024C:  BSF    5C.0
024D:  BTFSC  5E.4
024E:  GOTO   142
024F:  BTFSC  5E.5
0250:  GOTO   184
0251:  GOTO   1BA
0252:  RETURN
0253:  MOVF   41,W
0254:  BTFSC  03.2
0255:  GOTO   318
0256:  MOVWF  4D
0257:  MOVF   45,W
0258:  BTFSC  03.2
0259:  GOTO   318
025A:  SUBWF  4D,F
025B:  BTFSS  03.0
025C:  GOTO   262
025D:  MOVLW  7F
025E:  ADDWF  4D,F
025F:  BTFSC  03.0
0260:  GOTO   318
0261:  GOTO   268
0262:  MOVLW  81
0263:  SUBWF  4D,F
0264:  BTFSS  03.0
0265:  GOTO   318
0266:  BTFSC  03.2
0267:  GOTO   318
0268:  MOVF   4D,W
0269:  MOVWF  77
026A:  CLRF   78
026B:  CLRF   79
026C:  CLRF   7A
026D:  CLRF   4C
026E:  MOVF   42,W
026F:  MOVWF  4B
0270:  BSF    4B.7
0271:  MOVF   43,W
0272:  MOVWF  4A
0273:  MOVF   44,W
0274:  MOVWF  49
0275:  MOVLW  19
0276:  MOVWF  4D
0277:  MOVF   48,W
0278:  SUBWF  49,F
0279:  BTFSC  03.0
027A:  GOTO   28B
027B:  MOVLW  01
027C:  SUBWF  4A,F
027D:  BTFSC  03.0
027E:  GOTO   28B
027F:  SUBWF  4B,F
0280:  BTFSC  03.0
0281:  GOTO   28B
0282:  SUBWF  4C,F
0283:  BTFSC  03.0
0284:  GOTO   28B
0285:  INCF   4C,F
0286:  INCF   4B,F
0287:  INCF   4A,F
0288:  MOVF   48,W
0289:  ADDWF  49,F
028A:  GOTO   2BD
028B:  MOVF   47,W
028C:  SUBWF  4A,F
028D:  BTFSC  03.0
028E:  GOTO   2A6
028F:  MOVLW  01
0290:  SUBWF  4B,F
0291:  BTFSC  03.0
0292:  GOTO   2A6
0293:  SUBWF  4C,F
0294:  BTFSC  03.0
0295:  GOTO   2A6
0296:  INCF   4C,F
0297:  INCF   4B,F
0298:  MOVF   47,W
0299:  ADDWF  4A,F
029A:  MOVF   48,W
029B:  ADDWF  49,F
029C:  BTFSS  03.0
029D:  GOTO   2BD
029E:  INCF   4A,F
029F:  BTFSS  03.2
02A0:  GOTO   2BD
02A1:  INCF   4B,F
02A2:  BTFSS  03.2
02A3:  GOTO   2BD
02A4:  INCF   4C,F
02A5:  GOTO   2BD
02A6:  MOVF   46,W
02A7:  IORLW  80
02A8:  SUBWF  4B,F
02A9:  BTFSC  03.0
02AA:  GOTO   2BC
02AB:  MOVLW  01
02AC:  SUBWF  4C,F
02AD:  BTFSC  03.0
02AE:  GOTO   2BC
02AF:  INCF   4C,F
02B0:  MOVF   46,W
02B1:  IORLW  80
02B2:  ADDWF  4B,F
02B3:  MOVF   47,W
02B4:  ADDWF  4A,F
02B5:  BTFSS  03.0
02B6:  GOTO   29A
02B7:  INCF   4B,F
02B8:  BTFSS  03.2
02B9:  GOTO   29A
02BA:  INCF   4C,F
02BB:  GOTO   29A
02BC:  BSF    7A.0
02BD:  DECFSZ 4D,F
02BE:  GOTO   2C0
02BF:  GOTO   2CB
02C0:  BCF    03.0
02C1:  RLF    49,F
02C2:  RLF    4A,F
02C3:  RLF    4B,F
02C4:  RLF    4C,F
02C5:  BCF    03.0
02C6:  RLF    7A,F
02C7:  RLF    79,F
02C8:  RLF    78,F
02C9:  RLF    4E,F
02CA:  GOTO   277
02CB:  BTFSS  4E.0
02CC:  GOTO   2D3
02CD:  BCF    03.0
02CE:  RRF    78,F
02CF:  RRF    79,F
02D0:  RRF    7A,F
02D1:  RRF    4E,F
02D2:  GOTO   2D6
02D3:  DECF   77,F
02D4:  BTFSC  03.2
02D5:  GOTO   318
02D6:  BTFSC  4E.7
02D7:  GOTO   2FF
02D8:  BCF    03.0
02D9:  RLF    49,F
02DA:  RLF    4A,F
02DB:  RLF    4B,F
02DC:  RLF    4C,F
02DD:  MOVF   48,W
02DE:  SUBWF  49,F
02DF:  BTFSC  03.0
02E0:  GOTO   2EB
02E1:  MOVLW  01
02E2:  SUBWF  4A,F
02E3:  BTFSC  03.0
02E4:  GOTO   2EB
02E5:  SUBWF  4B,F
02E6:  BTFSC  03.0
02E7:  GOTO   2EB
02E8:  SUBWF  4C,F
02E9:  BTFSS  03.0
02EA:  GOTO   30E
02EB:  MOVF   47,W
02EC:  SUBWF  4A,F
02ED:  BTFSC  03.0
02EE:  GOTO   2F6
02EF:  MOVLW  01
02F0:  SUBWF  4B,F
02F1:  BTFSC  03.0
02F2:  GOTO   2F6
02F3:  SUBWF  4C,F
02F4:  BTFSS  03.0
02F5:  GOTO   30E
02F6:  MOVF   46,W
02F7:  IORLW  80
02F8:  SUBWF  4B,F
02F9:  BTFSC  03.0
02FA:  GOTO   2FF
02FB:  MOVLW  01
02FC:  SUBWF  4C,F
02FD:  BTFSS  03.0
02FE:  GOTO   30E
02FF:  INCF   7A,F
0300:  BTFSS  03.2
0301:  GOTO   30E
0302:  INCF   79,F
0303:  BTFSS  03.2
0304:  GOTO   30E
0305:  INCF   78,F
0306:  BTFSS  03.2
0307:  GOTO   30E
0308:  INCF   77,F
0309:  BTFSC  03.2
030A:  GOTO   318
030B:  RRF    78,F
030C:  RRF    79,F
030D:  RRF    7A,F
030E:  MOVF   42,W
030F:  MOVWF  4D
0310:  MOVF   46,W
0311:  XORWF  4D,F
0312:  BTFSS  4D.7
0313:  GOTO   316
0314:  BSF    78.7
0315:  GOTO   31C
0316:  BCF    78.7
0317:  GOTO   31C
0318:  CLRF   77
0319:  CLRF   78
031A:  CLRF   79
031B:  CLRF   7A
031C:  RETURN
031D:  MOVF   51,W
031E:  MOVWF  58
031F:  MOVF   55,W
0320:  XORWF  58,F
0321:  BTFSS  58.7
0322:  GOTO   328
0323:  BCF    03.2
0324:  BCF    03.0
0325:  BTFSC  51.7
0326:  BSF    03.0
0327:  GOTO   35B
0328:  MOVF   51,W
0329:  MOVWF  58
032A:  MOVF   54,W
032B:  MOVWF  59
032C:  MOVF   50,W
032D:  SUBWF  59,F
032E:  BTFSC  03.2
032F:  GOTO   336
0330:  BTFSS  58.7
0331:  GOTO   35B
0332:  MOVF   03,W
0333:  XORLW  01
0334:  MOVWF  03
0335:  GOTO   35B
0336:  MOVF   55,W
0337:  MOVWF  59
0338:  MOVF   51,W
0339:  SUBWF  59,F
033A:  BTFSC  03.2
033B:  GOTO   342
033C:  BTFSS  58.7
033D:  GOTO   35B
033E:  MOVF   03,W
033F:  XORLW  01
0340:  MOVWF  03
0341:  GOTO   35B
0342:  MOVF   56,W
0343:  MOVWF  59
0344:  MOVF   52,W
0345:  SUBWF  59,F
0346:  BTFSC  03.2
0347:  GOTO   34E
0348:  BTFSS  58.7
0349:  GOTO   35B
034A:  MOVF   03,W
034B:  XORLW  01
034C:  MOVWF  03
034D:  GOTO   35B
034E:  MOVF   57,W
034F:  MOVWF  59
0350:  MOVF   53,W
0351:  SUBWF  59,F
0352:  BTFSC  03.2
0353:  GOTO   35A
0354:  BTFSS  58.7
0355:  GOTO   35B
0356:  MOVF   03,W
0357:  XORLW  01
0358:  MOVWF  03
0359:  GOTO   35B
035A:  BCF    03.0
035B:  RETURN
035C:  MOVLW  8E
035D:  MOVWF  77
035E:  MOVF   50,W
035F:  SUBWF  77,F
0360:  MOVF   51,W
0361:  MOVWF  79
0362:  MOVF   52,W
0363:  MOVWF  78
0364:  BSF    79.7
0365:  MOVF   77,F
0366:  BTFSC  03.2
0367:  GOTO   373
0368:  BCF    03.0
0369:  MOVF   79,F
036A:  BTFSS  03.2
036B:  GOTO   36F
036C:  MOVF   78,F
036D:  BTFSC  03.2
036E:  GOTO   373
036F:  RRF    79,F
0370:  RRF    78,F
0371:  DECFSZ 77,F
0372:  GOTO   368
0373:  BTFSS  51.7
0374:  GOTO   37A
0375:  COMF   78,F
0376:  COMF   79,F
0377:  INCF   78,F
0378:  BTFSC  03.2
0379:  INCF   79,F
037A:  RETURN
037B:  MOVLW  8E
037C:  MOVWF  77
037D:  MOVF   55,W
037E:  MOVWF  78
037F:  MOVF   54,W
0380:  MOVWF  79
0381:  CLRF   7A
0382:  MOVF   78,F
0383:  BTFSS  03.2
0384:  GOTO   38F
0385:  MOVF   79,W
0386:  MOVWF  78
0387:  CLRF   79
0388:  MOVLW  08
0389:  SUBWF  77,F
038A:  MOVF   78,F
038B:  BTFSS  03.2
038C:  GOTO   38F
038D:  CLRF   77
038E:  GOTO   397
038F:  BCF    03.0
0390:  BTFSC  78.7
0391:  GOTO   396
0392:  RLF    79,F
0393:  RLF    78,F
0394:  DECF   77,F
0395:  GOTO   38F
0396:  BCF    78.7
0397:  RETURN
0398:  MOVF   50,W
0399:  BTFSC  03.2
039A:  GOTO   408
039B:  MOVWF  58
039C:  MOVF   54,W
039D:  BTFSC  03.2
039E:  GOTO   408
039F:  ADDWF  58,F
03A0:  BTFSC  03.0
03A1:  GOTO   3A9
03A2:  MOVLW  7F
03A3:  SUBWF  58,F
03A4:  BTFSS  03.0
03A5:  GOTO   408
03A6:  BTFSC  03.2
03A7:  GOTO   408
03A8:  GOTO   3AD
03A9:  MOVLW  81
03AA:  ADDWF  58,F
03AB:  BTFSC  03.0
03AC:  GOTO   408
03AD:  MOVF   58,W
03AE:  MOVWF  77
03AF:  CLRF   78
03B0:  CLRF   79
03B1:  CLRF   7A
03B2:  MOVF   51,W
03B3:  MOVWF  5C
03B4:  BSF    5C.7
03B5:  MOVF   52,W
03B6:  MOVWF  5B
03B7:  MOVF   53,W
03B8:  MOVWF  5A
03B9:  MOVLW  18
03BA:  MOVWF  58
03BB:  CLRF   59
03BC:  BTFSS  5A.0
03BD:  GOTO   3D6
03BE:  MOVF   57,W
03BF:  ADDWF  7A,F
03C0:  BTFSS  03.0
03C1:  GOTO   3C8
03C2:  INCF   79,F
03C3:  BTFSS  03.2
03C4:  GOTO   3C8
03C5:  INCF   78,F
03C6:  BTFSC  03.2
03C7:  BSF    59.7
03C8:  MOVF   56,W
03C9:  ADDWF  79,F
03CA:  BTFSS  03.0
03CB:  GOTO   3CF
03CC:  INCF   78,F
03CD:  BTFSC  03.2
03CE:  BSF    59.7
03CF:  MOVF   55,W
03D0:  MOVWF  52
03D1:  BSF    52.7
03D2:  MOVF   52,W
03D3:  ADDWF  78,F
03D4:  BTFSC  03.0
03D5:  BSF    59.7
03D6:  RLF    59,F
03D7:  RRF    78,F
03D8:  RRF    79,F
03D9:  RRF    7A,F
03DA:  RRF    5C,F
03DB:  RRF    5B,F
03DC:  RRF    5A,F
03DD:  BCF    03.0
03DE:  DECFSZ 58,F
03DF:  GOTO   3BB
03E0:  MOVLW  01
03E1:  ADDWF  77,F
03E2:  BTFSC  03.0
03E3:  GOTO   408
03E4:  BTFSC  78.7
03E5:  GOTO   3ED
03E6:  RLF    5C,F
03E7:  RLF    7A,F
03E8:  RLF    79,F
03E9:  RLF    78,F
03EA:  DECF   77,F
03EB:  BTFSC  03.2
03EC:  GOTO   408
03ED:  BTFSS  5C.7
03EE:  GOTO   3FE
03EF:  INCF   7A,F
03F0:  BTFSS  03.2
03F1:  GOTO   3FE
03F2:  INCF   79,F
03F3:  BTFSS  03.2
03F4:  GOTO   3FE
03F5:  INCF   78,F
03F6:  BTFSS  03.2
03F7:  GOTO   3FE
03F8:  RRF    78,F
03F9:  RRF    79,F
03FA:  RRF    7A,F
03FB:  INCF   77,F
03FC:  BTFSC  03.2
03FD:  GOTO   408
03FE:  MOVF   51,W
03FF:  MOVWF  59
0400:  MOVF   55,W
0401:  XORWF  59,F
0402:  BTFSS  59.7
0403:  GOTO   406
0404:  BSF    78.7
0405:  GOTO   40C
0406:  BCF    78.7
0407:  GOTO   40C
0408:  CLRF   77
0409:  CLRF   78
040A:  CLRF   79
040B:  CLRF   7A
040C:  RETURN
*
0580:  MOVF   3D,W
0581:  SUBLW  B6
0582:  MOVWF  3D
0583:  CLRF   7A
0584:  MOVF   3E,W
0585:  MOVWF  41
0586:  BSF    3E.7
0587:  BCF    03.0
0588:  RRF    3E,F
0589:  RRF    3F,F
058A:  RRF    40,F
058B:  RRF    7A,F
058C:  RRF    79,F
058D:  RRF    78,F
058E:  RRF    77,F
058F:  DECFSZ 3D,F
0590:  GOTO   587
0591:  BTFSS  41.7
0592:  GOTO   59E
0593:  COMF   77,F
0594:  COMF   78,F
0595:  COMF   79,F
0596:  COMF   7A,F
0597:  INCF   77,F
0598:  BTFSC  03.2
0599:  INCF   78,F
059A:  BTFSC  03.2
059B:  INCF   79,F
059C:  BTFSC  03.2
059D:  INCF   7A,F
059E:  RETURN
....................  
.................... #list 
....................  
.................... #include <def_16f877a.h> 
.................... //========================= Register Definitions ========================== 
.................... //-----Register Files------------------------------------------------------ 
.................... #byte INDF         =0x00 
.................... #byte TMR0         =0x01 
.................... #byte PCL          =0x02 
.................... #byte STATUS       =0x03 
.................... #byte FSR          =0x04 
.................... #byte PORTA    = 0x05 
.................... #byte PORTB    = 0x06 
.................... #byte PORTC    = 0x07 
.................... #byte PORTD    = 0x08 
.................... #byte PORTE    = 0x09 
.................... #byte PCLATH       =0x0A 
.................... #byte INTCON       =0x0B 
.................... #byte PIR1	   =0x0C 
.................... #byte PIR2	   =0x0D 
.................... #byte TMR1L	   =0x0E 
.................... #byte TMR1H        =0x0F 
.................... #byte T1CON        =0x10 
.................... #byte TMR2	   =0x11 
.................... #byte T2CON	   =0x12 
.................... #byte SSPBUF       =0x13 
.................... #byte SSPCON       =0x14 
.................... #byte CCPR1L       =0x15 
.................... #byte CCPR1H       =0x16 
.................... #byte CCP1CON      =0x17 
.................... #byte RCSTA        =0x18 
.................... #byte TXREG        =0x19 
.................... #byte RCREG        =0x1A 
.................... #byte CCPR2L       =0x1B 
.................... #byte CCPR2H       =0x1C 
.................... #byte CCP2CON      =0x1D 
.................... #byte ADRESH       =0x1E 
.................... #byte ADCON0	   =0x1F 
.................... #byte OPTION_REG   =0x81 
.................... //-------------- TRIS PORT ----------------------------- 
.................... #byte TRISA        =0x85 
.................... #byte TRISB	   =0x86 
.................... #byte TRISC	   =0x87 
.................... #byte TRISD        =0x88 
.................... #byte TRISE	   =0x89 
.................... #byte PIE1	   =0x8C 
.................... #byte PIE2	   =0x8D 
.................... #byte PCON	   =0x8E 
....................  
.................... #byte SSPCON2      =0x91 
.................... #byte PR2          =0x92 
.................... #byte SSPADD       =0x93 
.................... #byte SSPSTAT      =0x94 
....................  
.................... #byte TXSTA        =0x98 
.................... #byte SPBRG        =0x99 
....................  
.................... #byte ADRESL       =0x9E 
.................... #byte ADCON1       =0x9F 
....................  
.................... /*	bank 2 registers */ 
....................  
.................... #byte EEDATA	   =0x010C 
.................... #byte EEADR	   =0x010D 
.................... #byte EEDATH       =0x010E 
.................... #byte EEADRH       =0x010F 
....................  
.................... /*	bank 3 registers */ 
....................  
.................... #byte EECON1	   =0x018C 
.................... #byte EECON2	   =0x018D 
....................  
.................... //----- STATUS Bits -------------------------------------------------------- 
....................  
.................... // For Assembly Language - Note upper case 
.................... #define IRP 	7 
.................... #define RP1 	6 
.................... #define RP0 	5 
.................... #define NOT_TO 	4 
.................... #define NOT_PD 	3 
.................... #define Z 	2 
.................... #define DC 	1 
.................... #define C  	0 
....................  
.................... //---------------- TRIS BIT PORT-------------------------------------- 
.................... //------------------TRISA bits--------------------------- 
....................  
.................... #bit TRISA5     =0x85.5 
.................... #bit TRISA4     =0x85.4 
.................... #bit TRISA3     =0x85.3 
.................... #bit TRISA2     =0x85.2 
.................... #bit TRISA1     =0x85.1 
.................... #bit TRISA0     =0x85.0 
....................  
.................... //-----------------TRISB bits----------------------------- 
....................  
.................... #bit TRISB7     =0x86.7 
.................... #bit TRISB6     =0x86.6 
.................... #bit TRISB5     =0x86.5 
.................... #bit TRISB4     =0x86.4 
.................... #bit TRISB3     =0x86.3 
.................... #bit TRISB2     =0x86.2 
.................... #bit TRISB1     =0x86.1 
.................... #bit TRISB0     =0x86.0 
....................  
.................... //----------------TRISC bits------------------- 
....................  
.................... #bit TRISC7     =0x87.7 
.................... #bit TRISC6     =0x87.6 
.................... #bit TRISC5     =0x87.5 
.................... #bit TRISC4     =0x87.4 
.................... #bit TRISC3     =0x87.3 
.................... #bit TRISC2     =0x87.2 
.................... #bit TRISC1     =0x87.1 
.................... #bit TRISC0     =0x87.0 
.................... //------------------TRISD bit------------------ 
.................... #bit TRISD7     =0x88.7 
.................... #bit TRISD6     =0x88.6 
.................... #bit TRISD5     =0x88.5 
.................... #bit TRISD4     =0x88.4 
.................... #bit TRISD3     =0x88.3 
.................... #bit TRISD2     =0x88.2 
.................... #bit TRISD1     =0x88.1 
.................... #bit TRISD0     =0x88.0 
.................... //-------------TRISE bit---------------------- 
.................... #bit TRISE2     =0x89.2 
.................... #bit TRISE1     =0x89.1 
.................... #bit TRISE0     =0x89.0 
.................... //--------------------------------------------------------------------------- 
.................... //---------PORTA bits------------------ 
.................... #bit RA4			= 0x05.4 
.................... #bit RA3			= 0x05.3 
.................... #bit RA2			= 0x05.2 
.................... #bit RA1			= 0x05.1 
.................... #bit RA0			= 0x05.0 
.................... //---------PORTB bits------------------ 
.................... #bit RB7			= 0x06.7 
.................... #bit RB6			= 0x06.6 
.................... #bit RB5			= 0x06.5 
.................... #bit RB4			= 0x06.4 
.................... #bit RB3			= 0x06.3 
.................... #bit RB2			= 0x06.2 
.................... #bit RB1			= 0x06.1 
.................... #bit RB0			= 0x06.0 
.................... //---------PORTC bits------------------ 
.................... #bit RC7			= 0x07.7 
.................... #bit RC6			= 0x07.6 
.................... #bit RC5			= 0x07.5 
.................... #bit RC4			= 0x07.4 
.................... #bit RC3			= 0x07.3 
.................... #bit RC2			= 0x07.2 
.................... #bit RC1			= 0x07.1 
.................... #bit RC0			= 0x07.0 
.................... //---------PORTD bits------------------ 
.................... #bit RD7			= 0x08.7 
.................... #bit RD6			= 0x08.6 
.................... #bit RD5			= 0x08.5 
.................... #bit RD4			= 0x08.4 
.................... #bit RD3			= 0x08.3 
.................... #bit RD2			= 0x08.2 
.................... #bit RD1			= 0x08.1 
.................... #bit RD0			= 0x08.0 
.................... //---------PORTE bits------------------ 
.................... #bit RE2			= 0x09.2 
.................... #bit RE1			= 0x09.1 
.................... #bit RE0			= 0x09.0 
....................  
.................... //----- INTCON ------------------------------------------------------------- 
....................  
.................... #bit	GIE      = 0x0b.7 
.................... #bit	PEIE     = 0x0b.6 
.................... #bit	TMR0IE   = 0x0b.5 
.................... #bit	INTE     = 0x0b.4 
.................... #bit	RBIE     = 0x0b.3 
.................... #bit	TMR0IF   = 0x0b.2 
.................... #bit	INTF     = 0x0b.1 
.................... #bit	RBIF     = 0x0b.0 
....................  
.................... //----- PIR1 --------------------------------------------------------------- 
....................  
.................... #bit pspif     = 0x0c.7 
.................... #bit adif      = 0x0c.6 
.................... #bit rcif      = 0x0c.5 
.................... #bit txif      = 0x0c.4 
.................... #bit sspif     = 0x0c.3 
.................... #bit ccp1if    = 0x0c.2 
.................... #bit tmr2if    = 0x0c.1 
.................... #bit tmr1if    = 0x0c.0 
....................  
.................... //----- PIR2 --------------------------------------------------------------- 
....................  
.................... #bit cmif      = 0x0d.6 
.................... #bit eeif      = 0x0d.4 
.................... #bit bclif     = 0x0d.3 
.................... #bit ccp2if    = 0x0d.0 
....................  
.................... //----- PIE1 --------------------------------------------------------------- 
....................  
.................... #bit pspie     = 0x8c.7 
.................... #bit adie      = 0x8c.6 
.................... #bit rcie      = 0x8c.5 
.................... #bit txie      = 0x8c.4 
.................... #bit sspie     = 0x8c.3 
.................... #bit ccp1ie    = 0x8c.2 
.................... #bit tmr2ie    = 0x8c.1 
.................... #bit tmr1ie    = 0x8c.0 
....................  
.................... //----- PIE2 --------------------------------------------------------------- 
....................  
.................... #bit cmie      = 0x8d.6 
.................... #bit eeie      = 0x8d.4 
.................... #bit bclie     = 0x8d.3 
.................... #bit ccp2ie    = 0x8d.0 
.................... //----- T1CON Bits --------------------------------------------------------- 
.................... #bit T1CKPS1    =0x10.5 
.................... #bit T1CKPS0    =0x10.4 
.................... #bit T1OSCEN    =0x10.3 
.................... #bit T1SYNC     =0x10.2 
.................... #bit TMR1CS     =0x10.1 
.................... #bit TMR1ON     =0x10.0 
....................  
.................... //----- T2CON Bits --------------------------------------------------------- 
.................... #bit TOUTPS3    =0x12.6 
.................... #bit TOUTPS2    =0x12.5 
.................... #bit TOUTPS1    =0x12.4 
.................... #bit TOUTPS0    =0x12.3 
.................... #bit TMR2ON     =0x12.2 
.................... #bit T2CKPS1    =0x12.1 
.................... #bit T2CKPS0    =0x12.0 
....................  
.................... //-------------SSPCON bits-------------------------- 
.................... #bit WCOL       =0x14.7 
.................... #bit SSPOV      =0x14.6 
.................... #bit SSPEN      =0x14.5 
.................... #bit CKP        =0x14.4 
.................... #bit SSPM3      =0x14.3 
.................... #bit SSPM2      =0x14.2 
.................... #bit SSPM1      =0x14.1 
.................... #bit SSPM0      =0x14.0 
....................  
.................... //---------------CCP1CON bits-------- 
.................... #bit CCP1X      =0x17.5 
.................... #bit CCP1Y      =0x17.4 
.................... #bit CCP1M3     =0x17.3 
.................... #bit CCP1M2     =0x17.2 
.................... #bit CCP1M1     =0x17.1 
.................... #bit CCP1M0     =0x17.0 
....................  
.................... //---------------RCSTA bits------------------- 
....................  
.................... #bit SPEN       =0x18.7 
.................... #bit RX9        =0x18.6 
.................... #bit SREN       =0x18.5 
.................... #bit CREN       =0x18.4 
.................... #bit ADDEN      =0x18.3 
.................... #bit FERR       =0x18.2 
.................... #bit OERR       =0x18.1 
.................... #bit RX9D       =0x18.0 
....................  
.................... //-----------------------CCP2CON bits---------- 
....................  
.................... #bit CCP2X      =0x1D.5 
.................... #bit CCP2Y      =0x1D.4 
.................... #bit CCP2M3     =0x1D.3 
.................... #bit CCP2M2     =0x1D.2 
.................... #bit CCP2M1     =0x1D.1 
.................... #bit CCP2M0     =0x1D.0 
....................  
.................... //----- ADCON0 Bits -------------------------------------------------------- 
.................... #bit ADCS1      =0x1F.7 
.................... #bit ADCS0      =0x1F.6 
.................... #bit CHS2       =0x1F.5 
.................... #bit CHS1       =0x1F.4 
.................... #bit CHS0       =0x1F.3 
.................... #bit ADGO       =0x1F.2 
.................... #bit ADON       =0x1F.0 
....................  
.................... //----- OPTION_reg Bits -------------------------------------------------------- 
....................  
.................... #bit RBPU       =0x81.7 
.................... #bit INTEDG     =0x81.6 
.................... #bit T0CS       =0x81.5 
.................... #bit T0SE       =0x81.4 
.................... #bit PSA        =0x81.3 
.................... #bit PS2        =0x81.2 
.................... #bit PS1        =0x81.1 
.................... #bit PS0        =0x81.0 
.................... //----- PCON Bits ---------------------------------------------------------- 
....................  
.................... #bit POR        =0x8E.1 
.................... #bit BOD        =0x8E.0 
....................  
.................... //-----------SSPCON2 bits--------------------------------------------- 
....................  
.................... #bit GCEN       =0x91.7 
.................... #bit ACKSTAT    =0x91.6 
.................... #bit ACKDT      =0x91.5 
.................... #bit ACKEN      =0x91.4 
.................... #bit RCEN       =0x91.3 
.................... #bit PEN        =0x91.2 
.................... #bit RSEN       =0x91.1 
.................... #bit SEN        =0x91.0 
....................  
.................... //---------------------SSPSTAT bits------------------------ 
....................  
.................... #bit STAT_SMP   =0x94.7 
.................... #bit STAT_CKE   =0x94.6 
.................... #bit STAT_DA    =0x94.5 
.................... #bit STAT_P     =0x94.4 
.................... #bit STAT_S     =0x94.3 
.................... #bit STAT_RW    =0x94.2 
.................... #bit STAT_UA    =0x94.1 
.................... #bit STAT_BF    =0x94.0 
....................  
.................... //----------------TXSTA bits----------------- 
....................  
.................... #bit CSRC       =0x98.7 
.................... #bit TX9        =0x98.6 
.................... #bit TXEN       =0x98.5 
.................... #bit SYNC       =0x98.4 
.................... #bit BRGH       =0x98.2 
.................... #bit TRMT       =0x98.1 
.................... #bit TX9D       =0x98.0 
....................  
.................... //--------------ADCON1 bits--------------- 
....................  
.................... #bit ADFM       =0x9F.7 
.................... #bit ADCS2      =0x9F.6 
.................... #bit PCFG3      =0x9F.3 
.................... #bit PCFG2      =0x9F.2 
.................... #bit PCFG1      =0x9F.1 
.................... #bit PCFG0      =0x9F.0 
....................  
.................... //-----------EECON1 bits---------- 
....................  
.................... #bit EEPGD      =0x018C.7 
.................... #bit WRERR      =0x018C.3 
.................... #bit WREN       =0x018C.2 
.................... #bit WR         =0x018C.1 
.................... #bit RD         =0x018C.0 
....................  
....................  
.................... #device ADC = 16, WRITE_EEPROM = ASYNC 
....................  
.................... #FUSES NOWDT      //No Watch Dog Timer 
.................... #FUSES NOBROWNOUT //No brownout reset 
.................... #FUSES NOLVP      //No low voltage prgming, B3(PIC16) or B5(PIC18) used for I/O 
....................  
.................... #use delay(crystal = 20000000) 
059F:  MOVLW  48
05A0:  MOVWF  04
05A1:  BCF    03.7
05A2:  MOVF   00,W
05A3:  BTFSC  03.2
05A4:  GOTO   5B2
05A5:  MOVLW  06
05A6:  MOVWF  78
05A7:  CLRF   77
05A8:  DECFSZ 77,F
05A9:  GOTO   5A8
05AA:  DECFSZ 78,F
05AB:  GOTO   5A7
05AC:  MOVLW  7B
05AD:  MOVWF  77
05AE:  DECFSZ 77,F
05AF:  GOTO   5AE
05B0:  DECFSZ 00,F
05B1:  GOTO   5A5
05B2:  RETURN
....................  
.................... //================================================== PREPROSECSOR ================================================== 
....................  
.................... // 1 >> on 
.................... #define triac1Out PIN_C6 
.................... #define triac2Out PIN_C7 
.................... // #define triac1Out PIN_D0 
.................... // #define triac2Out PIN_D1 
....................  
.................... #define relayOut PIN_C0 
.................... // 0 >> pressed 
.................... // #define btnINCREASE PIN_B4 
.................... // #define btnDECREASE PIN_B1 
....................  
.................... // dip switch 2-bit starter 
.................... #define dipStart1 PIN_B5 
.................... #define dipStart0 PIN_B4 
.................... // dip switch 3-bit ringthebell 
.................... #define dipRing2 PIN_B3 
.................... #define dipRing1 PIN_B2 
.................... #define dipRing0 PIN_B1 
.................... // dip switch rotate protecter 
.................... #define dipRotate1 PIN_D6 
.................... #define dipRotate0 PIN_D5 
....................  
.................... // 1 >> led on 
.................... #define ledSAFETY PIN_D2 
.................... #define ledSTARTING PIN_D3 
.................... #define ledRINGING PIN_C5 
.................... // #define ledBUTTON PIN_D4 
....................  
.................... #byte CMCON = 0x9C 
....................  
.................... #include "floor.c" 
.................... float32 FLOOR(float32 x) 
.................... { 
....................    float32 y, res; 
....................    unsigned int16 l; 
....................    int1 s; 
....................  
....................    s = 0; 
*
040D:  BCF    4F.0
....................    y = x; 
040E:  MOVF   44,W
040F:  MOVWF  48
0410:  MOVF   43,W
0411:  MOVWF  47
0412:  MOVF   42,W
0413:  MOVWF  46
0414:  MOVF   41,W
0415:  MOVWF  45
....................  
....................    if (x < 0) 
0416:  MOVF   44,W
0417:  MOVWF  53
0418:  MOVF   43,W
0419:  MOVWF  52
041A:  MOVF   42,W
041B:  MOVWF  51
041C:  MOVF   41,W
041D:  MOVWF  50
041E:  CLRF   57
041F:  CLRF   56
0420:  CLRF   55
0421:  CLRF   54
0422:  CALL   31D
0423:  BTFSS  03.0
0424:  GOTO   429
....................    { 
....................       s = 1; 
0425:  BSF    4F.0
....................       y = -y; 
0426:  MOVF   46,W
0427:  XORLW  80
0428:  MOVWF  46
....................    } 
....................  
....................    if (y <= 32768.0) 
0429:  MOVF   48,W
042A:  MOVWF  53
042B:  MOVF   47,W
042C:  MOVWF  52
042D:  MOVF   46,W
042E:  MOVWF  51
042F:  MOVF   45,W
0430:  MOVWF  50
0431:  CLRF   57
0432:  CLRF   56
0433:  CLRF   55
0434:  MOVLW  8E
0435:  MOVWF  54
0436:  CALL   31D
0437:  BTFSC  03.0
0438:  GOTO   43B
0439:  BTFSS  03.2
043A:  GOTO   452
....................       res = (float32)(unsigned int16)y; 
043B:  MOVF   48,W
043C:  MOVWF  53
043D:  MOVF   47,W
043E:  MOVWF  52
043F:  MOVF   46,W
0440:  MOVWF  51
0441:  MOVF   45,W
0442:  MOVWF  50
0443:  CALL   35C
0444:  MOVF   79,W
0445:  MOVWF  55
0446:  MOVF   78,W
0447:  MOVWF  54
0448:  CALL   37B
0449:  MOVF   7A,W
044A:  MOVWF  4C
044B:  MOVF   79,W
044C:  MOVWF  4B
044D:  MOVF   78,W
044E:  MOVWF  4A
044F:  MOVF   77,W
0450:  MOVWF  49
0451:  GOTO   50F
....................  
....................    else if (y < 10000000.0) 
0452:  MOVF   48,W
0453:  MOVWF  53
0454:  MOVF   47,W
0455:  MOVWF  52
0456:  MOVF   46,W
0457:  MOVWF  51
0458:  MOVF   45,W
0459:  MOVWF  50
045A:  MOVLW  80
045B:  MOVWF  57
045C:  MOVLW  96
045D:  MOVWF  56
045E:  MOVLW  18
045F:  MOVWF  55
0460:  MOVLW  96
0461:  MOVWF  54
0462:  CALL   31D
0463:  BTFSS  03.0
0464:  GOTO   507
....................    { 
....................       l = (unsigned int16)(y * 0.000030517578125); 
0465:  MOVF   48,W
0466:  MOVWF  53
0467:  MOVF   47,W
0468:  MOVWF  52
0469:  MOVF   46,W
046A:  MOVWF  51
046B:  MOVF   45,W
046C:  MOVWF  50
046D:  CLRF   57
046E:  CLRF   56
046F:  CLRF   55
0470:  MOVLW  70
0471:  MOVWF  54
0472:  CALL   398
0473:  MOVF   7A,W
0474:  MOVWF  53
0475:  MOVF   79,W
0476:  MOVWF  52
0477:  MOVF   78,W
0478:  MOVWF  51
0479:  MOVF   77,W
047A:  MOVWF  50
047B:  CALL   35C
047C:  MOVF   79,W
047D:  MOVWF  4E
047E:  MOVF   78,W
047F:  MOVWF  4D
....................       y = 32768.0 * (y * 0.000030517578125 - (float32)l); 
0480:  MOVF   48,W
0481:  MOVWF  53
0482:  MOVF   47,W
0483:  MOVWF  52
0484:  MOVF   46,W
0485:  MOVWF  51
0486:  MOVF   45,W
0487:  MOVWF  50
0488:  CLRF   57
0489:  CLRF   56
048A:  CLRF   55
048B:  MOVLW  70
048C:  MOVWF  54
048D:  CALL   398
048E:  MOVF   7A,W
048F:  MOVWF  53
0490:  MOVF   79,W
0491:  MOVWF  52
0492:  MOVF   78,W
0493:  MOVWF  51
0494:  MOVF   77,W
0495:  MOVWF  50
0496:  MOVF   4E,W
0497:  MOVWF  55
0498:  MOVF   4D,W
0499:  MOVWF  54
049A:  CALL   37B
049B:  BSF    03.1
049C:  MOVF   53,W
049D:  MOVWF  57
049E:  MOVF   52,W
049F:  MOVWF  56
04A0:  MOVF   51,W
04A1:  MOVWF  55
04A2:  MOVF   50,W
04A3:  MOVWF  54
04A4:  MOVF   7A,W
04A5:  MOVWF  5B
04A6:  MOVF   79,W
04A7:  MOVWF  5A
04A8:  MOVF   78,W
04A9:  MOVWF  59
04AA:  MOVF   77,W
04AB:  MOVWF  58
04AC:  CALL   112
04AD:  CLRF   53
04AE:  CLRF   52
04AF:  CLRF   51
04B0:  MOVLW  8E
04B1:  MOVWF  50
04B2:  MOVF   7A,W
04B3:  MOVWF  57
04B4:  MOVF   79,W
04B5:  MOVWF  56
04B6:  MOVF   78,W
04B7:  MOVWF  55
04B8:  MOVF   77,W
04B9:  MOVWF  54
04BA:  CALL   398
04BB:  MOVF   7A,W
04BC:  MOVWF  48
04BD:  MOVF   79,W
04BE:  MOVWF  47
04BF:  MOVF   78,W
04C0:  MOVWF  46
04C1:  MOVF   77,W
04C2:  MOVWF  45
....................       res = 32768.0 * (float32)l; 
04C3:  MOVF   4E,W
04C4:  MOVWF  55
04C5:  MOVF   4D,W
04C6:  MOVWF  54
04C7:  CALL   37B
04C8:  CLRF   53
04C9:  CLRF   52
04CA:  CLRF   51
04CB:  MOVLW  8E
04CC:  MOVWF  50
04CD:  MOVF   7A,W
04CE:  MOVWF  57
04CF:  MOVF   79,W
04D0:  MOVWF  56
04D1:  MOVF   78,W
04D2:  MOVWF  55
04D3:  MOVF   77,W
04D4:  MOVWF  54
04D5:  CALL   398
04D6:  MOVF   7A,W
04D7:  MOVWF  4C
04D8:  MOVF   79,W
04D9:  MOVWF  4B
04DA:  MOVF   78,W
04DB:  MOVWF  4A
04DC:  MOVF   77,W
04DD:  MOVWF  49
....................       res += (float32)(unsigned int16)y; 
04DE:  MOVF   48,W
04DF:  MOVWF  53
04E0:  MOVF   47,W
04E1:  MOVWF  52
04E2:  MOVF   46,W
04E3:  MOVWF  51
04E4:  MOVF   45,W
04E5:  MOVWF  50
04E6:  CALL   35C
04E7:  MOVF   79,W
04E8:  MOVWF  55
04E9:  MOVF   78,W
04EA:  MOVWF  54
04EB:  CALL   37B
04EC:  BCF    03.1
04ED:  MOVF   4C,W
04EE:  MOVWF  57
04EF:  MOVF   4B,W
04F0:  MOVWF  56
04F1:  MOVF   4A,W
04F2:  MOVWF  55
04F3:  MOVF   49,W
04F4:  MOVWF  54
04F5:  MOVF   7A,W
04F6:  MOVWF  5B
04F7:  MOVF   79,W
04F8:  MOVWF  5A
04F9:  MOVF   78,W
04FA:  MOVWF  59
04FB:  MOVF   77,W
04FC:  MOVWF  58
04FD:  CALL   112
04FE:  MOVF   7A,W
04FF:  MOVWF  4C
0500:  MOVF   79,W
0501:  MOVWF  4B
0502:  MOVF   78,W
0503:  MOVWF  4A
0504:  MOVF   77,W
0505:  MOVWF  49
....................    } 
0506:  GOTO   50F
....................  
....................    else 
....................       res = y; 
0507:  MOVF   48,W
0508:  MOVWF  4C
0509:  MOVF   47,W
050A:  MOVWF  4B
050B:  MOVF   46,W
050C:  MOVWF  4A
050D:  MOVF   45,W
050E:  MOVWF  49
....................  
....................    y = y - (float32)(unsigned int16)y; 
050F:  MOVF   48,W
0510:  MOVWF  53
0511:  MOVF   47,W
0512:  MOVWF  52
0513:  MOVF   46,W
0514:  MOVWF  51
0515:  MOVF   45,W
0516:  MOVWF  50
0517:  CALL   35C
0518:  MOVF   79,W
0519:  MOVWF  55
051A:  MOVF   78,W
051B:  MOVWF  54
051C:  CALL   37B
051D:  BSF    03.1
051E:  MOVF   48,W
051F:  MOVWF  57
0520:  MOVF   47,W
0521:  MOVWF  56
0522:  MOVF   46,W
0523:  MOVWF  55
0524:  MOVF   45,W
0525:  MOVWF  54
0526:  MOVF   7A,W
0527:  MOVWF  5B
0528:  MOVF   79,W
0529:  MOVWF  5A
052A:  MOVF   78,W
052B:  MOVWF  59
052C:  MOVF   77,W
052D:  MOVWF  58
052E:  CALL   112
052F:  MOVF   7A,W
0530:  MOVWF  48
0531:  MOVF   79,W
0532:  MOVWF  47
0533:  MOVF   78,W
0534:  MOVWF  46
0535:  MOVF   77,W
0536:  MOVWF  45
....................  
....................    if (s) 
0537:  BTFSS  4F.0
0538:  GOTO   53C
....................       res = -res; 
0539:  MOVF   4A,W
053A:  XORLW  80
053B:  MOVWF  4A
....................  
....................    if (y != 0) 
053C:  MOVF   48,W
053D:  MOVWF  53
053E:  MOVF   47,W
053F:  MOVWF  52
0540:  MOVF   46,W
0541:  MOVWF  51
0542:  MOVF   45,W
0543:  MOVWF  50
0544:  CLRF   57
0545:  CLRF   56
0546:  CLRF   55
0547:  CLRF   54
0548:  CALL   31D
0549:  BTFSC  03.2
054A:  GOTO   564
....................    { 
....................       if (s == 1) 
054B:  BTFSS  4F.0
054C:  GOTO   564
....................          res -= 1.0; 
054D:  BSF    03.1
054E:  MOVF   4C,W
054F:  MOVWF  57
0550:  MOVF   4B,W
0551:  MOVWF  56
0552:  MOVF   4A,W
0553:  MOVWF  55
0554:  MOVF   49,W
0555:  MOVWF  54
0556:  CLRF   5B
0557:  CLRF   5A
0558:  CLRF   59
0559:  MOVLW  7F
055A:  MOVWF  58
055B:  CALL   112
055C:  MOVF   7A,W
055D:  MOVWF  4C
055E:  MOVF   79,W
055F:  MOVWF  4B
0560:  MOVF   78,W
0561:  MOVWF  4A
0562:  MOVF   77,W
0563:  MOVWF  49
....................    } 
....................    if (x == 0) 
0564:  MOVF   44,W
0565:  MOVWF  53
0566:  MOVF   43,W
0567:  MOVWF  52
0568:  MOVF   42,W
0569:  MOVWF  51
056A:  MOVF   41,W
056B:  MOVWF  50
056C:  CLRF   57
056D:  CLRF   56
056E:  CLRF   55
056F:  CLRF   54
0570:  CALL   31D
0571:  BTFSS  03.2
0572:  GOTO   577
....................       res = 0; 
0573:  CLRF   4C
0574:  CLRF   4B
0575:  CLRF   4A
0576:  CLRF   49
....................  
....................    return (res); 
0577:  MOVF   49,W
0578:  MOVWF  77
0579:  MOVF   4A,W
057A:  MOVWF  78
057B:  MOVF   4B,W
057C:  MOVWF  79
057D:  MOVF   4C,W
057E:  MOVWF  7A
057F:  RETURN
.................... } 
....................  
....................  
.................... //================================================== VARIABLES ================================================== 
....................  
.................... // set angle (10 levels). more angle, weaker motor 
.................... int32 angleStarter = 0; 
.................... int32 angleRingTheBell = 0; 
.................... // volatile int32 angleStarter = read_eeprom(0x00); 
.................... // volatile int32 angleRingTheBell = read_eeprom(0x01); 
....................  
.................... // int32 valTimer0SetStarter = (int32)FLOOR((13.1072 - angleStarter) / 0.0512) - 1; 
.................... // int32 valTimer0SetRingTheBell = (int32)FLOOR((13.1072 - angleRingTheBell) / 0.0512) - 1; 
....................  
.................... int32 valTimer0SetStarter = 0;     // init in DipSwitchState() 
.................... int32 valTimer0SetRingTheBell = 0; // init in DipSwitchState() 
....................  
.................... volatile signed int16 count = 0; 
.................... // volatile int16 iTimer2OverFlow; 
.................... int1 flagForward = true, flagStarter = true, flagSTOP = true; 
....................  
.................... signed int16 ProtectRotate = 0; // init in DipSwitchState() 
....................  
.................... //================================================== ISR Func() ================================================== 
....................  
.................... // #INT_COMP 
.................... // void isrComparator() 
.................... // { // A mismatch condition will continue to set flag bit CMIF. Reading CMCON will end the mismatch condition and allow flag bit CMIF to be cleared 
.................... //    char charas = CMCON; 
.................... //    output_low(relayOut);   // safety switch 
.................... //    output_high(PIN_RESET); // reset mcu 
.................... // } 
....................  
.................... #INT_EXT 
.................... void ext_isr() 
.................... { 
....................    // cross zero point detector 50Hz >> 1/50/2 sec per half pulse after diode brighet 
....................  
....................    output_low(triac1Out); 
*
0048:  BCF    3C.6
0049:  MOVF   3C,W
004A:  BSF    03.5
004B:  MOVWF  07
004C:  BCF    03.5
004D:  BCF    07.6
....................    output_low(triac2Out); 
004E:  BCF    3C.7
004F:  MOVF   3C,W
0050:  BSF    03.5
0051:  MOVWF  07
0052:  BCF    03.5
0053:  BCF    07.7
....................  
....................    if (flagStarter) 
0054:  BTFSS  39.1
0055:  GOTO   059
....................       set_timer0(valTimer0SetStarter); 
0056:  MOVF   2F,W
0057:  MOVWF  01
0058:  GOTO   05B
....................    else 
....................       set_timer0(valTimer0SetRingTheBell); 
0059:  MOVF   33,W
005A:  MOVWF  01
....................  
....................    clear_interrupt(INT_TIMER0); 
005B:  BCF    0B.2
....................    enable_interrupts(INT_TIMER0); 
005C:  BSF    0B.5
....................    clear_interrupt(INT_EXT); // waiting for next EXT 
005D:  BCF    0B.1
.................... } 
....................  
005E:  BCF    0B.1
005F:  BCF    0A.3
0060:  BCF    0A.4
0061:  GOTO   02B
.................... #INT_TIMER0 
.................... void timer0_isr() 
.................... { 
....................    if (flagForward && !flagSTOP) 
0062:  BTFSS  39.0
0063:  GOTO   06D
0064:  BTFSC  39.2
0065:  GOTO   06D
....................       output_high(triac1Out); 
0066:  BCF    3C.6
0067:  MOVF   3C,W
0068:  BSF    03.5
0069:  MOVWF  07
006A:  BCF    03.5
006B:  BSF    07.6
006C:  GOTO   077
....................    else if (!flagForward && !flagSTOP) 
006D:  BTFSC  39.0
006E:  GOTO   077
006F:  BTFSC  39.2
0070:  GOTO   077
....................       output_high(triac2Out); 
0071:  BCF    3C.7
0072:  MOVF   3C,W
0073:  BSF    03.5
0074:  MOVWF  07
0075:  BCF    03.5
0076:  BSF    07.7
....................  
....................    // set_timer0(200.00); 
....................    disable_interrupts(INT_TIMER0); 
0077:  BCF    0B.5
.................... } 
....................  
0078:  BCF    0B.2
0079:  BCF    0A.3
007A:  BCF    0A.4
007B:  GOTO   02B
.................... #INT_TIMER2 
.................... void timer2_isr() 
.................... { 
....................    // --iTimer2OverFlow; 
....................    // if (!(--iTimer2OverFlow)) 
....................    // if (!iTimer2OverFlow) 
....................    { 
....................       // reset neu quay qua 4 vong 
....................       // if (flagForward) 
....................       // { 
....................       if (count >= ProtectRotate) // (+)ProtectRotate rotate 
007C:  BTFSS  3B.7
007D:  GOTO   081
007E:  BTFSS  38.7
007F:  GOTO   08D
0080:  GOTO   083
0081:  BTFSC  38.7
0082:  GOTO   095
0083:  MOVF   3B,W
0084:  SUBWF  38,W
0085:  BTFSS  03.0
0086:  GOTO   095
0087:  BTFSS  03.2
0088:  GOTO   08D
0089:  MOVF   3A,W
008A:  SUBWF  37,W
008B:  BTFSS  03.0
008C:  GOTO   095
....................       { 
....................          output_low(relayOut); // safety switch 
008D:  BCF    3C.0
008E:  MOVF   3C,W
008F:  BSF    03.5
0090:  MOVWF  07
0091:  BCF    03.5
0092:  BCF    07.0
....................          reset_cpu(); 
0093:  CLRF   0A
0094:  GOTO   000
....................       } 
....................       // } 
....................       //else 
....................       //{ 
....................       if (count <= -1 * ProtectRotate) // (-)ProtectRotate rotate 
0095:  MOVLW  FF
0096:  MOVWF  65
0097:  MOVWF  64
0098:  MOVF   3B,W
0099:  MOVWF  67
009A:  MOVF   3A,W
009B:  MOVWF  66
*
00C9:  MOVF   79,W
00CA:  MOVWF  7A
00CB:  MOVF   78,W
00CC:  BTFSS  38.7
00CD:  GOTO   0D1
00CE:  BTFSS  7A.7
00CF:  GOTO   0DD
00D0:  GOTO   0D3
00D1:  BTFSC  7A.7
00D2:  GOTO   0E5
00D3:  MOVF   38,W
00D4:  SUBWF  7A,W
00D5:  BTFSS  03.0
00D6:  GOTO   0E5
00D7:  BTFSS  03.2
00D8:  GOTO   0DD
00D9:  MOVF   37,W
00DA:  SUBWF  78,W
00DB:  BTFSS  03.0
00DC:  GOTO   0E5
....................       { 
....................          output_low(relayOut); // safety switch 
00DD:  BCF    3C.0
00DE:  MOVF   3C,W
00DF:  BSF    03.5
00E0:  MOVWF  07
00E1:  BCF    03.5
00E2:  BCF    07.0
....................          reset_cpu(); 
00E3:  CLRF   0A
00E4:  GOTO   000
....................       } 
....................       //} 
....................    } 
.................... } 
....................  
00E5:  BCF    0C.1
00E6:  BCF    0A.3
00E7:  BCF    0A.4
00E8:  GOTO   02B
.................... #INT_CCP1 
.................... void ccp1_isr() 
.................... { 
....................    if (RC1) 
00E9:  BTFSS  07.1
00EA:  GOTO   0EF
....................       ++count; 
00EB:  INCF   37,F
00EC:  BTFSC  03.2
00ED:  INCF   38,F
00EE:  GOTO   0F3
....................    else 
....................       --count; 
00EF:  MOVF   37,W
00F0:  BTFSC  03.2
00F1:  DECF   38,F
00F2:  DECF   37,F
....................    // clear_interrupt(INT_CCP1); 
00F3:  BCF    0C.2
00F4:  BCF    0A.3
00F5:  BCF    0A.4
00F6:  GOTO   02B
.................... } 
....................  
.................... //================================================== Func() ================================================== 
....................  
.................... void FORWARD() 
.................... { 
....................    output_low(triac2Out); 
*
0608:  BCF    3C.7
0609:  MOVF   3C,W
060A:  BSF    03.5
060B:  MOVWF  07
060C:  BCF    03.5
060D:  BCF    07.7
....................  
....................    flagForward = true; 
060E:  BSF    39.0
....................    flagSTOP = false; 
060F:  BCF    39.2
0610:  RETURN
.................... } 
.................... void REVERSE() 
.................... { 
....................    output_low(triac1Out); 
*
061F:  BCF    3C.6
0620:  MOVF   3C,W
0621:  BSF    03.5
0622:  MOVWF  07
0623:  BCF    03.5
0624:  BCF    07.6
....................    flagForward = flagSTOP = false; 
0625:  BCF    39.2
0626:  BCF    39.0
0627:  RETURN
.................... } 
.................... void STOP() 
.................... { 
....................    flagSTOP = true; 
*
0611:  BSF    39.2
....................    output_low(triac1Out); 
0612:  BCF    3C.6
0613:  MOVF   3C,W
0614:  BSF    03.5
0615:  MOVWF  07
0616:  BCF    03.5
0617:  BCF    07.6
....................    output_low(triac2Out); 
0618:  BCF    3C.7
0619:  MOVF   3C,W
061A:  BSF    03.5
061B:  MOVWF  07
061C:  BCF    03.5
061D:  BCF    07.7
061E:  RETURN
.................... } 
....................  
.................... void starter() 
.................... { 
....................    // half rotate 
....................    while (count <= 200) 
*
0628:  BTFSC  38.7
0629:  GOTO   631
062A:  MOVF   38,F
062B:  BTFSS  03.2
062C:  GOTO   641
062D:  MOVF   37,W
062E:  SUBLW  C8
062F:  BTFSS  03.0
0630:  GOTO   641
....................    { 
....................       if (count <= -200) 
0631:  BTFSS  38.7
0632:  GOTO   63F
0633:  MOVF   38,W
0634:  SUBLW  FF
0635:  BTFSS  03.0
0636:  GOTO   63F
0637:  BTFSS  03.2
0638:  GOTO   63D
0639:  MOVF   37,W
063A:  SUBLW  38
063B:  BTFSS  03.0
063C:  GOTO   63F
....................          reset_cpu(); 
063D:  CLRF   0A
063E:  GOTO   000
....................       FORWARD(); 
063F:  CALL   608
0640:  GOTO   628
....................    } 
....................  
....................    STOP(); 
0641:  CALL   611
....................    while (count >= 0) 
0642:  BTFSC  38.7
0643:  GOTO   646
....................       STOP(); 
0644:  CALL   611
0645:  GOTO   642
....................    while (count >= -200) 
0646:  BTFSS  38.7
0647:  GOTO   653
0648:  MOVF   38,W
0649:  SUBLW  FE
064A:  BTFSC  03.0
064B:  GOTO   655
064C:  XORLW  FF
064D:  BTFSS  03.2
064E:  GOTO   653
064F:  MOVF   37,W
0650:  SUBLW  37
0651:  BTFSC  03.0
0652:  GOTO   655
....................       REVERSE(); 
0653:  CALL   61F
0654:  GOTO   646
....................    STOP(); 
0655:  CALL   611
....................    while (count <= 0) 
0656:  BTFSC  38.7
0657:  GOTO   65F
0658:  MOVF   38,F
0659:  BTFSS  03.2
065A:  GOTO   661
065B:  MOVF   37,W
065C:  SUBLW  00
065D:  BTFSS  03.0
065E:  GOTO   661
....................       STOP(); 
065F:  CALL   611
0660:  GOTO   656
....................  
....................    // 1 rotate 
....................    while (count <= 400) 
0661:  BTFSC  38.7
0662:  GOTO   66D
0663:  MOVF   38,W
0664:  SUBLW  01
0665:  BTFSS  03.0
0666:  GOTO   66F
0667:  BTFSS  03.2
0668:  GOTO   66D
0669:  MOVF   37,W
066A:  SUBLW  90
066B:  BTFSS  03.0
066C:  GOTO   66F
....................       FORWARD(); 
066D:  CALL   608
066E:  GOTO   661
....................    STOP(); 
066F:  CALL   611
....................    while (count >= 0) 
0670:  BTFSC  38.7
0671:  GOTO   674
....................       STOP(); 
0672:  CALL   611
0673:  GOTO   670
....................    while (count >= -400) 
0674:  BTFSS  38.7
0675:  GOTO   681
0676:  MOVF   38,W
0677:  SUBLW  FD
0678:  BTFSC  03.0
0679:  GOTO   683
067A:  XORLW  FF
067B:  BTFSS  03.2
067C:  GOTO   681
067D:  MOVF   37,W
067E:  SUBLW  6F
067F:  BTFSC  03.0
0680:  GOTO   683
....................       REVERSE(); 
0681:  CALL   61F
0682:  GOTO   674
....................    STOP(); 
0683:  CALL   611
....................    while (count <= 0) 
0684:  BTFSC  38.7
0685:  GOTO   68D
0686:  MOVF   38,F
0687:  BTFSS  03.2
0688:  GOTO   68F
0689:  MOVF   37,W
068A:  SUBLW  00
068B:  BTFSS  03.0
068C:  GOTO   68F
....................       STOP(); 
068D:  CALL   611
068E:  GOTO   684
....................  
....................    // 2 rotates 
....................    while (count <= 800) 
068F:  BTFSC  38.7
0690:  GOTO   69B
0691:  MOVF   38,W
0692:  SUBLW  03
0693:  BTFSS  03.0
0694:  GOTO   69D
0695:  BTFSS  03.2
0696:  GOTO   69B
0697:  MOVF   37,W
0698:  SUBLW  20
0699:  BTFSS  03.0
069A:  GOTO   69D
....................       FORWARD(); 
069B:  CALL   608
069C:  GOTO   68F
....................    STOP(); 
069D:  CALL   611
....................    while (count >= 0) 
069E:  BTFSC  38.7
069F:  GOTO   6A2
....................       STOP(); 
06A0:  CALL   611
06A1:  GOTO   69E
....................    while (count >= -800) 
06A2:  BTFSS  38.7
06A3:  GOTO   6AF
06A4:  MOVF   38,W
06A5:  SUBLW  FB
06A6:  BTFSC  03.0
06A7:  GOTO   6B1
06A8:  XORLW  FF
06A9:  BTFSS  03.2
06AA:  GOTO   6AF
06AB:  MOVF   37,W
06AC:  SUBLW  DF
06AD:  BTFSC  03.0
06AE:  GOTO   6B1
....................       REVERSE(); 
06AF:  CALL   61F
06B0:  GOTO   6A2
....................    STOP(); 
06B1:  CALL   611
....................    while (count <= 0) 
06B2:  BTFSC  38.7
06B3:  GOTO   6BB
06B4:  MOVF   38,F
06B5:  BTFSS  03.2
06B6:  GOTO   6BD
06B7:  MOVF   37,W
06B8:  SUBLW  00
06B9:  BTFSS  03.0
06BA:  GOTO   6BD
....................       STOP(); 
06BB:  CALL   611
06BC:  GOTO   6B2
....................  
....................    // 3 rotates 1 side 
....................    while (count <= 1200) 
06BD:  BTFSC  38.7
06BE:  GOTO   6C9
06BF:  MOVF   38,W
06C0:  SUBLW  04
06C1:  BTFSS  03.0
06C2:  GOTO   6CB
06C3:  BTFSS  03.2
06C4:  GOTO   6C9
06C5:  MOVF   37,W
06C6:  SUBLW  B0
06C7:  BTFSS  03.0
06C8:  GOTO   6CB
....................       FORWARD(); 
06C9:  CALL   608
06CA:  GOTO   6BD
....................    STOP(); 
06CB:  CALL   611
....................  
....................    flagStarter = false; 
06CC:  BCF    39.1
06CD:  BSF    0A.3
06CE:  BCF    0A.4
06CF:  GOTO   206 (RETURN)
.................... } 
....................  
.................... void RingTheBell() 
.................... { 
....................    while (count >= 400) 
06D0:  BTFSC  38.7
06D1:  GOTO   6DF
06D2:  MOVF   38,W
06D3:  SUBLW  00
06D4:  BTFSC  03.0
06D5:  GOTO   6DF
06D6:  XORLW  FF
06D7:  BTFSS  03.2
06D8:  GOTO   6DD
06D9:  MOVF   37,W
06DA:  SUBLW  8F
06DB:  BTFSC  03.0
06DC:  GOTO   6DF
....................       STOP(); 
06DD:  CALL   611
06DE:  GOTO   6D0
....................  
....................    while (count >= -800) 
06DF:  BTFSS  38.7
06E0:  GOTO   6EC
06E1:  MOVF   38,W
06E2:  SUBLW  FB
06E3:  BTFSC  03.0
06E4:  GOTO   6EE
06E5:  XORLW  FF
06E6:  BTFSS  03.2
06E7:  GOTO   6EC
06E8:  MOVF   37,W
06E9:  SUBLW  DF
06EA:  BTFSC  03.0
06EB:  GOTO   6EE
....................       REVERSE(); 
06EC:  CALL   61F
06ED:  GOTO   6DF
....................    STOP(); 
06EE:  CALL   611
....................  
....................    while (count <= -400) 
06EF:  BTFSS  38.7
06F0:  GOTO   6FD
06F1:  MOVF   38,W
06F2:  SUBLW  FE
06F3:  BTFSS  03.0
06F4:  GOTO   6FD
06F5:  BTFSS  03.2
06F6:  GOTO   6FB
06F7:  MOVF   37,W
06F8:  SUBLW  70
06F9:  BTFSS  03.0
06FA:  GOTO   6FD
....................       STOP(); 
06FB:  CALL   611
06FC:  GOTO   6EF
....................  
....................    while (count <= 800) 
06FD:  BTFSC  38.7
06FE:  GOTO   709
06FF:  MOVF   38,W
0700:  SUBLW  03
0701:  BTFSS  03.0
0702:  GOTO   70B
0703:  BTFSS  03.2
0704:  GOTO   709
0705:  MOVF   37,W
0706:  SUBLW  20
0707:  BTFSS  03.0
0708:  GOTO   70B
....................       FORWARD(); 
0709:  CALL   608
070A:  GOTO   6FD
....................    STOP(); 
070B:  CALL   611
070C:  BSF    0A.3
070D:  BCF    0A.4
070E:  GOTO   213 (RETURN)
.................... } 
....................  
.................... // pic 20mhz 5.10^6 = 1sec 
.................... // motor 2000rpm 
.................... // quay co tai: 0.5rps -> 200xung/s -> 1/200 s/xung 
.................... void checkSafetyFirst(int32 sec) 
.................... { 
....................    flagSTOP = true; 
*
05B3:  BSF    39.2
....................    output_low(relayOut); // safety switch 
05B4:  BCF    3C.0
05B5:  MOVF   3C,W
05B6:  BSF    03.5
05B7:  MOVWF  07
05B8:  BCF    03.5
05B9:  BCF    07.0
....................  
....................    signed int16 lastCount = count; 
05BA:  MOVF   38,W
05BB:  MOVWF  42
05BC:  MOVF   37,W
05BD:  MOVWF  41
....................    for (int32 i = sec; --i;) // waitting steady 
05BE:  MOVF   40,W
05BF:  MOVWF  46
05C0:  MOVF   3F,W
05C1:  MOVWF  45
05C2:  MOVF   3E,W
05C3:  MOVWF  44
05C4:  MOVF   3D,W
05C5:  MOVWF  43
05C6:  MOVLW  FF
05C7:  ADDWF  43,F
05C8:  BTFSS  03.0
05C9:  ADDWF  44,F
05CA:  BTFSS  03.0
05CB:  ADDWF  45,F
05CC:  BTFSS  03.0
05CD:  ADDWF  46,F
05CE:  MOVF   43,F
05CF:  BTFSS  03.2
05D0:  GOTO   5DA
05D1:  MOVF   44,F
05D2:  BTFSS  03.2
05D3:  GOTO   5DA
05D4:  MOVF   45,F
05D5:  BTFSS  03.2
05D6:  GOTO   5DA
05D7:  MOVF   46,F
05D8:  BTFSC  03.2
05D9:  GOTO   5F2
....................    { 
....................       if (count != lastCount) 
05DA:  MOVF   41,W
05DB:  SUBWF  37,W
05DC:  BTFSS  03.2
05DD:  GOTO   5E2
05DE:  MOVF   42,W
05DF:  SUBWF  38,W
05E0:  BTFSC  03.2
05E1:  GOTO   5F1
....................       { 
....................          i = sec; // reset 
05E2:  MOVF   40,W
05E3:  MOVWF  46
05E4:  MOVF   3F,W
05E5:  MOVWF  45
05E6:  MOVF   3E,W
05E7:  MOVWF  44
05E8:  MOVF   3D,W
05E9:  MOVWF  43
....................          lastCount = count; 
05EA:  MOVF   38,W
05EB:  MOVWF  42
05EC:  MOVF   37,W
05ED:  MOVWF  41
....................          delay_ms(30); // pray for couting up 
05EE:  MOVLW  1E
05EF:  MOVWF  48
05F0:  CALL   59F
....................       } 
05F1:  GOTO   5C6
....................    } 
....................  
....................    count = 0; // update 0 point 
05F2:  CLRF   38
05F3:  CLRF   37
....................    output_high(relayOut); 
05F4:  BCF    3C.0
05F5:  MOVF   3C,W
05F6:  BSF    03.5
05F7:  MOVWF  07
05F8:  BCF    03.5
05F9:  BSF    07.0
....................    delay_ms(3000); // ngăn hồ quang nếu cùng lúc đóng triac lập tức 
05FA:  MOVLW  0C
05FB:  MOVWF  47
05FC:  MOVLW  FA
05FD:  MOVWF  48
05FE:  CALL   59F
05FF:  DECFSZ 47,F
0600:  GOTO   5FC
....................    enable_interrupts(INT_TIMER2); 
0601:  BSF    03.5
0602:  BSF    0C.1
....................    flagSTOP = false; 
0603:  BCF    03.5
0604:  BCF    39.2
0605:  BSF    0A.3
0606:  BCF    0A.4
0607:  GOTO   1FB (RETURN)
.................... } 
....................  
.................... void initDipSwitchState(int32 &angleStarter, int32 &angleRingTheBell, signed int16 &ProtectRotate) 
.................... { 
....................    TRISB5 = TRISB4 = TRISB3 = TRISB2 = TRISB1 = TRISD6 = TRISD5 = 1; 
*
0837:  BSF    08.5
0838:  BSF    08.6
0839:  BSF    06.1
083A:  BSF    06.2
083B:  BSF    06.3
083C:  BSF    06.4
083D:  BSF    06.5
....................  
....................    // Dip swith Start 
....................    switch (PORTB & 0b00110000) 
083E:  BCF    03.5
083F:  MOVF   06,W
0840:  ANDLW  30
0841:  BTFSC  03.2
0842:  GOTO   04D
0843:  XORLW  10
0844:  BTFSC  03.2
0845:  GOTO   053
0846:  XORLW  30
0847:  BTFSC  03.2
0848:  GOTO   059
0849:  XORLW  10
084A:  BTFSC  03.2
084B:  GOTO   05F
084C:  GOTO   064
....................    // switch (PORTB & 0x30) 
....................    { 
....................    // case 0b00: 
....................    case 0: 
....................       angleStarter = 1; 
084D:  CLRF   2A
084E:  CLRF   29
084F:  CLRF   28
0850:  MOVLW  01
0851:  MOVWF  27
....................       // output_high(ledRINGING); // debug 
....................       // delay_ms(100); 
....................       // output_low(ledRINGING); 
....................       // delay_ms(100); 
....................       // output_high(ledRINGING); 
....................       // delay_ms(100); 
....................       // output_low(ledRINGING); 
....................       break; 
0852:  GOTO   064
....................    // case 0b01: 
....................    case 0b00010000: 
....................       angleStarter = 2; 
0853:  CLRF   2A
0854:  CLRF   29
0855:  CLRF   28
0856:  MOVLW  02
0857:  MOVWF  27
....................       break; 
0858:  GOTO   064
....................    // case 0b10: 
....................    case 0b00100000: 
....................       angleStarter = 3; 
0859:  CLRF   2A
085A:  CLRF   29
085B:  CLRF   28
085C:  MOVLW  03
085D:  MOVWF  27
....................       break; 
085E:  GOTO   064
....................    case 0b00110000: 
....................       // case 3: 
....................       angleStarter = 4; 
085F:  CLRF   2A
0860:  CLRF   29
0861:  CLRF   28
0862:  MOVLW  04
0863:  MOVWF  27
....................       break; 
....................    } 
....................  
....................    // Dip swith Ringing 
....................    switch (PORTB & 0b00001110) 
0864:  MOVF   06,W
0865:  ANDLW  0E
0866:  BTFSC  03.2
0867:  GOTO   07E
0868:  XORLW  02
0869:  BTFSC  03.2
086A:  GOTO   084
086B:  XORLW  06
086C:  BTFSC  03.2
086D:  GOTO   08A
086E:  XORLW  02
086F:  BTFSC  03.2
0870:  GOTO   090
0871:  XORLW  0E
0872:  BTFSC  03.2
0873:  GOTO   096
0874:  XORLW  02
0875:  BTFSC  03.2
0876:  GOTO   09C
0877:  XORLW  06
0878:  BTFSC  03.2
0879:  GOTO   0A2
087A:  XORLW  02
087B:  BTFSC  03.2
087C:  GOTO   0A8
087D:  GOTO   0AD
....................    // switch (PORTB & 0x0E) 
....................    { 
....................    case 0b0000: 
....................       angleRingTheBell = 2; 
087E:  CLRF   2E
087F:  CLRF   2D
0880:  CLRF   2C
0881:  MOVLW  02
0882:  MOVWF  2B
....................       break; 
0883:  GOTO   0AD
....................    case 0b0010: 
....................       angleRingTheBell = 3; 
0884:  CLRF   2E
0885:  CLRF   2D
0886:  CLRF   2C
0887:  MOVLW  03
0888:  MOVWF  2B
....................       break; 
0889:  GOTO   0AD
....................    case 0b0100: 
....................       angleRingTheBell = 4; 
088A:  CLRF   2E
088B:  CLRF   2D
088C:  CLRF   2C
088D:  MOVLW  04
088E:  MOVWF  2B
....................       break; 
088F:  GOTO   0AD
....................    case 0b0110: 
....................       angleRingTheBell = 5; 
0890:  CLRF   2E
0891:  CLRF   2D
0892:  CLRF   2C
0893:  MOVLW  05
0894:  MOVWF  2B
....................       break; 
0895:  GOTO   0AD
....................    case 0b1000: 
....................       angleRingTheBell = 6; 
0896:  CLRF   2E
0897:  CLRF   2D
0898:  CLRF   2C
0899:  MOVLW  06
089A:  MOVWF  2B
....................       break; 
089B:  GOTO   0AD
....................    case 0b1010: 
....................       angleRingTheBell = 7; 
089C:  CLRF   2E
089D:  CLRF   2D
089E:  CLRF   2C
089F:  MOVLW  07
08A0:  MOVWF  2B
....................       break; 
08A1:  GOTO   0AD
....................    case 0b1100: 
....................       angleRingTheBell = 8; 
08A2:  CLRF   2E
08A3:  CLRF   2D
08A4:  CLRF   2C
08A5:  MOVLW  08
08A6:  MOVWF  2B
....................       break; 
08A7:  GOTO   0AD
....................    case 0b1110: 
....................       angleRingTheBell = 9; 
08A8:  CLRF   2E
08A9:  CLRF   2D
08AA:  CLRF   2C
08AB:  MOVLW  09
08AC:  MOVWF  2B
....................       break; 
....................    } 
....................  
....................    // Dip swith Protector Rotate 
....................    switch (PORTD & 0b01100000) 
08AD:  MOVF   08,W
08AE:  ANDLW  60
08AF:  BTFSC  03.2
08B0:  GOTO   0BB
08B1:  XORLW  20
08B2:  BTFSC  03.2
08B3:  GOTO   0C0
08B4:  XORLW  60
08B5:  BTFSC  03.2
08B6:  GOTO   0C5
08B7:  XORLW  20
08B8:  BTFSC  03.2
08B9:  GOTO   0CA
08BA:  GOTO   0CE
....................    // switch (PORTD & 0x60) 
....................    { 
....................    case 0b0000000: 
....................       ProtectRotate = 2000; 
08BB:  MOVLW  07
08BC:  MOVWF  3B
08BD:  MOVLW  D0
08BE:  MOVWF  3A
....................       break; 
08BF:  GOTO   0CE
....................    case 0b0100000: 
....................       ProtectRotate = 2400; 
08C0:  MOVLW  09
08C1:  MOVWF  3B
08C2:  MOVLW  60
08C3:  MOVWF  3A
....................       break; 
08C4:  GOTO   0CE
....................    case 0b1000000: 
....................       ProtectRotate = 2800; 
08C5:  MOVLW  0A
08C6:  MOVWF  3B
08C7:  MOVLW  F0
08C8:  MOVWF  3A
....................       break; 
08C9:  GOTO   0CE
....................    case 0b1100000: 
....................       ProtectRotate = 3200; 
08CA:  MOVLW  0C
08CB:  MOVWF  3B
08CC:  MOVLW  80
08CD:  MOVWF  3A
....................       break; 
....................    } 
.................... } 
....................  
.................... //================================================== MAIN ================================================== 
....................  
.................... void main() 
*
0800:  MOVF   03,W
0801:  ANDLW  1F
0802:  MOVWF  03
0803:  CLRF   2A
0804:  CLRF   29
0805:  CLRF   28
0806:  CLRF   27
0807:  CLRF   2E
0808:  CLRF   2D
0809:  CLRF   2C
080A:  CLRF   2B
080B:  CLRF   32
080C:  CLRF   31
080D:  CLRF   30
080E:  CLRF   2F
080F:  CLRF   36
0810:  CLRF   35
0811:  CLRF   34
0812:  CLRF   33
0813:  CLRF   38
0814:  CLRF   37
0815:  BSF    39.0
0816:  BSF    39.1
0817:  BSF    39.2
0818:  CLRF   3B
0819:  CLRF   3A
081A:  MOVLW  FF
081B:  MOVWF  3C
081C:  BSF    03.5
081D:  BSF    03.6
081E:  MOVF   09,W
081F:  ANDLW  C0
0820:  MOVWF  09
0821:  BCF    03.6
0822:  BCF    1F.4
0823:  BCF    1F.5
0824:  MOVLW  00
0825:  BSF    03.6
0826:  MOVWF  08
0827:  BCF    03.5
0828:  CLRF   07
0829:  CLRF   08
082A:  CLRF   09
082B:  BCF    03.7
.................... { 
....................    TRISB0 = TRISC1 = TRISC2 = 1;          //input 
082C:  BSF    03.5
082D:  BCF    03.6
082E:  BSF    07.2
082F:  BSF    07.1
0830:  BSF    06.0
....................    TRISC0 = TRISD2 = TRISD3 = TRISC5 = 0; //output 
0831:  BCF    07.5
0832:  BCF    08.3
0833:  BCF    08.2
0834:  BCF    07.0
....................  
....................    // triac 
....................    // TRISD0 = TRISD1 = 0; 
....................    TRISC6 = TRISC7 = 0; 
0835:  BCF    07.7
0836:  BCF    07.6
....................  
....................    initDipSwitchState(angleStarter, angleRingTheBell, ProtectRotate); 
....................    valTimer0SetStarter = (int32)FLOOR((13.1072 - angleStarter) / 0.0512) - 1; 
*
08CE:  MOVF   2A,W
08CF:  MOVWF  40
08D0:  MOVF   29,W
08D1:  MOVWF  3F
08D2:  MOVF   28,W
08D3:  MOVWF  3E
08D4:  MOVF   27,W
08D5:  MOVWF  3D
08D6:  BCF    0A.3
08D7:  CALL   0F7
08D8:  BSF    0A.3
08D9:  BSF    03.1
08DA:  MOVLW  17
08DB:  MOVWF  57
08DC:  MOVLW  B7
08DD:  MOVWF  56
08DE:  MOVLW  51
08DF:  MOVWF  55
08E0:  MOVLW  82
08E1:  MOVWF  54
08E2:  MOVF   7A,W
08E3:  MOVWF  5B
08E4:  MOVF   79,W
08E5:  MOVWF  5A
08E6:  MOVF   78,W
08E7:  MOVWF  59
08E8:  MOVF   77,W
08E9:  MOVWF  58
08EA:  BCF    0A.3
08EB:  CALL   112
08EC:  BSF    0A.3
08ED:  MOVF   7A,W
08EE:  MOVWF  40
08EF:  MOVF   79,W
08F0:  MOVWF  3F
08F1:  MOVF   78,W
08F2:  MOVWF  3E
08F3:  MOVF   77,W
08F4:  MOVWF  3D
08F5:  MOVF   40,W
08F6:  MOVWF  44
08F7:  MOVF   3F,W
08F8:  MOVWF  43
08F9:  MOVF   3E,W
08FA:  MOVWF  42
08FB:  MOVF   3D,W
08FC:  MOVWF  41
08FD:  MOVLW  17
08FE:  MOVWF  48
08FF:  MOVLW  B7
0900:  MOVWF  47
0901:  MOVLW  51
0902:  MOVWF  46
0903:  MOVLW  7A
0904:  MOVWF  45
0905:  BCF    0A.3
0906:  CALL   253
0907:  BSF    0A.3
0908:  MOVF   7A,W
0909:  MOVWF  40
090A:  MOVF   79,W
090B:  MOVWF  3F
090C:  MOVF   78,W
090D:  MOVWF  3E
090E:  MOVF   77,W
090F:  MOVWF  3D
0910:  MOVF   40,W
0911:  MOVWF  44
0912:  MOVF   3F,W
0913:  MOVWF  43
0914:  MOVF   3E,W
0915:  MOVWF  42
0916:  MOVF   3D,W
0917:  MOVWF  41
0918:  BCF    0A.3
0919:  CALL   40D
091A:  BSF    0A.3
091B:  MOVF   7A,W
091C:  MOVWF  40
091D:  MOVF   79,W
091E:  MOVWF  3F
091F:  MOVF   78,W
0920:  MOVWF  3E
0921:  MOVF   77,W
0922:  MOVWF  3D
0923:  BCF    0A.3
0924:  CALL   580
0925:  BSF    0A.3
0926:  MOVF   7A,W
0927:  MOVWF  40
0928:  MOVF   79,W
0929:  MOVWF  3F
092A:  MOVF   78,W
092B:  MOVWF  3E
092C:  MOVF   77,W
092D:  MOVWF  3D
092E:  MOVLW  01
092F:  SUBWF  3D,W
0930:  MOVWF  2F
0931:  MOVF   3E,W
0932:  MOVWF  30
0933:  MOVLW  00
0934:  BTFSS  03.0
0935:  MOVLW  01
0936:  SUBWF  30,F
0937:  MOVF   3F,W
0938:  MOVWF  31
0939:  MOVLW  00
093A:  BTFSS  03.0
093B:  MOVLW  01
093C:  SUBWF  31,F
093D:  MOVF   40,W
093E:  MOVWF  32
093F:  MOVLW  00
0940:  BTFSS  03.0
0941:  MOVLW  01
0942:  SUBWF  32,F
....................    valTimer0SetRingTheBell = (int32)FLOOR((13.1072 - angleRingTheBell) / 0.0512) - 1; 
0943:  MOVF   2E,W
0944:  MOVWF  40
0945:  MOVF   2D,W
0946:  MOVWF  3F
0947:  MOVF   2C,W
0948:  MOVWF  3E
0949:  MOVF   2B,W
094A:  MOVWF  3D
094B:  BCF    0A.3
094C:  CALL   0F7
094D:  BSF    0A.3
094E:  BSF    03.1
094F:  MOVLW  17
0950:  MOVWF  57
0951:  MOVLW  B7
0952:  MOVWF  56
0953:  MOVLW  51
0954:  MOVWF  55
0955:  MOVLW  82
0956:  MOVWF  54
0957:  MOVF   7A,W
0958:  MOVWF  5B
0959:  MOVF   79,W
095A:  MOVWF  5A
095B:  MOVF   78,W
095C:  MOVWF  59
095D:  MOVF   77,W
095E:  MOVWF  58
095F:  BCF    0A.3
0960:  CALL   112
0961:  BSF    0A.3
0962:  MOVF   7A,W
0963:  MOVWF  40
0964:  MOVF   79,W
0965:  MOVWF  3F
0966:  MOVF   78,W
0967:  MOVWF  3E
0968:  MOVF   77,W
0969:  MOVWF  3D
096A:  MOVF   40,W
096B:  MOVWF  44
096C:  MOVF   3F,W
096D:  MOVWF  43
096E:  MOVF   3E,W
096F:  MOVWF  42
0970:  MOVF   3D,W
0971:  MOVWF  41
0972:  MOVLW  17
0973:  MOVWF  48
0974:  MOVLW  B7
0975:  MOVWF  47
0976:  MOVLW  51
0977:  MOVWF  46
0978:  MOVLW  7A
0979:  MOVWF  45
097A:  BCF    0A.3
097B:  CALL   253
097C:  BSF    0A.3
097D:  MOVF   7A,W
097E:  MOVWF  40
097F:  MOVF   79,W
0980:  MOVWF  3F
0981:  MOVF   78,W
0982:  MOVWF  3E
0983:  MOVF   77,W
0984:  MOVWF  3D
0985:  MOVF   40,W
0986:  MOVWF  44
0987:  MOVF   3F,W
0988:  MOVWF  43
0989:  MOVF   3E,W
098A:  MOVWF  42
098B:  MOVF   3D,W
098C:  MOVWF  41
098D:  BCF    0A.3
098E:  CALL   40D
098F:  BSF    0A.3
0990:  MOVF   7A,W
0991:  MOVWF  40
0992:  MOVF   79,W
0993:  MOVWF  3F
0994:  MOVF   78,W
0995:  MOVWF  3E
0996:  MOVF   77,W
0997:  MOVWF  3D
0998:  BCF    0A.3
0999:  CALL   580
099A:  BSF    0A.3
099B:  MOVF   7A,W
099C:  MOVWF  40
099D:  MOVF   79,W
099E:  MOVWF  3F
099F:  MOVF   78,W
09A0:  MOVWF  3E
09A1:  MOVF   77,W
09A2:  MOVWF  3D
09A3:  MOVLW  01
09A4:  SUBWF  3D,W
09A5:  MOVWF  33
09A6:  MOVF   3E,W
09A7:  MOVWF  34
09A8:  MOVLW  00
09A9:  BTFSS  03.0
09AA:  MOVLW  01
09AB:  SUBWF  34,F
09AC:  MOVF   3F,W
09AD:  MOVWF  35
09AE:  MOVLW  00
09AF:  BTFSS  03.0
09B0:  MOVLW  01
09B1:  SUBWF  35,F
09B2:  MOVF   40,W
09B3:  MOVWF  36
09B4:  MOVLW  00
09B5:  BTFSS  03.0
09B6:  MOVLW  01
09B7:  SUBWF  36,F
....................  
....................    output_low(ledSAFETY);   // CLEAR reset pin 
09B8:  BSF    03.5
09B9:  BCF    08.2
09BA:  BCF    03.5
09BB:  BCF    08.2
....................    output_low(ledSTARTING); // CLEAR reset pin 
09BC:  BSF    03.5
09BD:  BCF    08.3
09BE:  BCF    03.5
09BF:  BCF    08.3
....................    output_low(ledRINGING);  // CLEAR reset pin 
09C0:  BCF    3C.5
09C1:  MOVF   3C,W
09C2:  BSF    03.5
09C3:  MOVWF  07
09C4:  BCF    03.5
09C5:  BCF    07.5
....................  
....................    clear_interrupt(INT_EXT); 
09C6:  BCF    0B.1
....................    enable_interrupts(INT_EXT); 
09C7:  BSF    0B.4
....................    ext_int_edge(H_TO_L); 
09C8:  BSF    03.5
09C9:  BCF    01.6
....................  
....................    setup_timer_0(RTCC_INTERNAL | RTCC_DIV_256); // 51.2us 
09CA:  MOVF   01,W
09CB:  ANDLW  C0
09CC:  IORLW  07
09CD:  MOVWF  01
....................    enable_interrupts(INT_TIMER0); 
09CE:  BCF    03.5
09CF:  BSF    0B.5
....................  
....................    setup_ccp1(CCP_CAPTURE_FE); 
09D0:  BSF    3C.2
09D1:  MOVF   3C,W
09D2:  BSF    03.5
09D3:  MOVWF  07
09D4:  BCF    03.5
09D5:  CLRF   17
09D6:  MOVLW  04
09D7:  MOVWF  17
09D8:  BSF    03.5
09D9:  CLRF   1B
09DA:  CLRF   1C
09DB:  MOVLW  01
09DC:  MOVWF  1D
....................    setup_timer_1(T1_INTERNAL); 
09DD:  MOVLW  05
09DE:  BCF    03.5
09DF:  MOVWF  10
....................    enable_interrupts(INT_CCP1); 
09E0:  BSF    03.5
09E1:  BSF    0C.2
....................  
....................    setup_timer_2(T2_DIV_BY_16, 255, 16); // Overflow every 13.056us 
09E2:  MOVLW  78
09E3:  MOVWF  78
09E4:  IORLW  06
09E5:  BCF    03.5
09E6:  MOVWF  12
09E7:  MOVLW  FF
09E8:  BSF    03.5
09E9:  MOVWF  12
....................    set_timer2(0); 
09EA:  BCF    03.5
09EB:  CLRF   11
....................    // iTimer2OverFlow = 50; // 100ms every command 
....................    // iTimer2OverFlow = 7660; // 100ms every command 
....................  
....................    // setup_comparator(A0_VR_A1_VR); 
....................    // setup_vref(VREF_HIGH | 5); 
....................    // enable_interrupts(INT_COMP); 
....................  
....................    enable_interrupts(GLOBAL); 
09EC:  MOVLW  C0
09ED:  IORWF  0B,F
....................  
....................    output_high(ledSAFETY); 
09EE:  BSF    03.5
09EF:  BCF    08.2
09F0:  BCF    03.5
09F1:  BSF    08.2
....................    checkSafetyFirst(1500000); // ~~ 6 seconds 
09F2:  CLRF   40
09F3:  MOVLW  16
09F4:  MOVWF  3F
09F5:  MOVLW  E3
09F6:  MOVWF  3E
09F7:  MOVLW  60
09F8:  MOVWF  3D
09F9:  BCF    0A.3
09FA:  GOTO   5B3
09FB:  BSF    0A.3
....................    output_low(ledSAFETY); 
09FC:  BSF    03.5
09FD:  BCF    08.2
09FE:  BCF    03.5
09FF:  BCF    08.2
....................  
....................    output_high(ledSTARTING); 
0A00:  BSF    03.5
0A01:  BCF    08.3
0A02:  BCF    03.5
0A03:  BSF    08.3
....................    starter(); 
0A04:  BCF    0A.3
0A05:  GOTO   628
0A06:  BSF    0A.3
....................    output_low(ledSTARTING); 
0A07:  BSF    03.5
0A08:  BCF    08.3
0A09:  BCF    03.5
0A0A:  BCF    08.3
....................  
....................    output_high(ledRINGING); 
0A0B:  BCF    3C.5
0A0C:  MOVF   3C,W
0A0D:  BSF    03.5
0A0E:  MOVWF  07
0A0F:  BCF    03.5
0A10:  BSF    07.5
....................    while (TRUE) 
....................    { 
....................       RingTheBell(); 
0A11:  BCF    0A.3
0A12:  GOTO   6D0
0A13:  BSF    0A.3
0A14:  GOTO   211
....................    } 
.................... } 
0A15:  SLEEP

Configuration Fuses:
   Word  1: 2CE2   HS NOWDT PUT MCLR NOPROTECT NOCPD NOBROWNOUT IESO FCMEN NOLVP NODEBUG
   Word  2: 3FFF   BORV40 NOWRT
